Archive member included to satisfy reference by file (symbol)

d:/stm32cubeide_1.7.0/stm32cubeide/plugins/com.st.stm32cube.ide.mcu.externaltools.gnu-tools-for-stm32.9-2020-q2-update.win32_2.0.0.202105311346/tools/bin/../lib/gcc/arm-none-eabi/9.3.1/../../../../arm-none-eabi/lib/thumb/v7-m/nofp\libc_nano.a(lib_a-errno.o)
                              ./Core/Src/syscalls.o (__errno)
d:/stm32cubeide_1.7.0/stm32cubeide/plugins/com.st.stm32cube.ide.mcu.externaltools.gnu-tools-for-stm32.9-2020-q2-update.win32_2.0.0.202105311346/tools/bin/../lib/gcc/arm-none-eabi/9.3.1/../../../../arm-none-eabi/lib/thumb/v7-m/nofp\libc_nano.a(lib_a-exit.o)
                              d:/stm32cubeide_1.7.0/stm32cubeide/plugins/com.st.stm32cube.ide.mcu.externaltools.gnu-tools-for-stm32.9-2020-q2-update.win32_2.0.0.202105311346/tools/bin/../lib/gcc/arm-none-eabi/9.3.1/../../../../arm-none-eabi/lib/thumb/v7-m/nofp/crt0.o (exit)
d:/stm32cubeide_1.7.0/stm32cubeide/plugins/com.st.stm32cube.ide.mcu.externaltools.gnu-tools-for-stm32.9-2020-q2-update.win32_2.0.0.202105311346/tools/bin/../lib/gcc/arm-none-eabi/9.3.1/../../../../arm-none-eabi/lib/thumb/v7-m/nofp\libc_nano.a(lib_a-impure.o)
                              d:/stm32cubeide_1.7.0/stm32cubeide/plugins/com.st.stm32cube.ide.mcu.externaltools.gnu-tools-for-stm32.9-2020-q2-update.win32_2.0.0.202105311346/tools/bin/../lib/gcc/arm-none-eabi/9.3.1/../../../../arm-none-eabi/lib/thumb/v7-m/nofp\libc_nano.a(lib_a-exit.o) (_global_impure_ptr)
d:/stm32cubeide_1.7.0/stm32cubeide/plugins/com.st.stm32cube.ide.mcu.externaltools.gnu-tools-for-stm32.9-2020-q2-update.win32_2.0.0.202105311346/tools/bin/../lib/gcc/arm-none-eabi/9.3.1/../../../../arm-none-eabi/lib/thumb/v7-m/nofp\libc_nano.a(lib_a-init.o)
                              d:/stm32cubeide_1.7.0/stm32cubeide/plugins/com.st.stm32cube.ide.mcu.externaltools.gnu-tools-for-stm32.9-2020-q2-update.win32_2.0.0.202105311346/tools/bin/../lib/gcc/arm-none-eabi/9.3.1/../../../../arm-none-eabi/lib/thumb/v7-m/nofp/crt0.o (__libc_init_array)
d:/stm32cubeide_1.7.0/stm32cubeide/plugins/com.st.stm32cube.ide.mcu.externaltools.gnu-tools-for-stm32.9-2020-q2-update.win32_2.0.0.202105311346/tools/bin/../lib/gcc/arm-none-eabi/9.3.1/../../../../arm-none-eabi/lib/thumb/v7-m/nofp\libc_nano.a(lib_a-memset.o)
                              d:/stm32cubeide_1.7.0/stm32cubeide/plugins/com.st.stm32cube.ide.mcu.externaltools.gnu-tools-for-stm32.9-2020-q2-update.win32_2.0.0.202105311346/tools/bin/../lib/gcc/arm-none-eabi/9.3.1/../../../../arm-none-eabi/lib/thumb/v7-m/nofp/crt0.o (memset)
d:/stm32cubeide_1.7.0/stm32cubeide/plugins/com.st.stm32cube.ide.mcu.externaltools.gnu-tools-for-stm32.9-2020-q2-update.win32_2.0.0.202105311346/tools/bin/../lib/gcc/arm-none-eabi/9.3.1/../../../../arm-none-eabi/lib/thumb/v7-m/nofp\libc_nano.a(lib_a-sprintf.o)
                              ./Core/Src/DHT22.o (sprintf)
d:/stm32cubeide_1.7.0/stm32cubeide/plugins/com.st.stm32cube.ide.mcu.externaltools.gnu-tools-for-stm32.9-2020-q2-update.win32_2.0.0.202105311346/tools/bin/../lib/gcc/arm-none-eabi/9.3.1/../../../../arm-none-eabi/lib/thumb/v7-m/nofp\libc_nano.a(lib_a-strcpy.o)
                              ./Core/Src/DHT22.o (strcpy)
d:/stm32cubeide_1.7.0/stm32cubeide/plugins/com.st.stm32cube.ide.mcu.externaltools.gnu-tools-for-stm32.9-2020-q2-update.win32_2.0.0.202105311346/tools/bin/../lib/gcc/arm-none-eabi/9.3.1/../../../../arm-none-eabi/lib/thumb/v7-m/nofp\libc_nano.a(lib_a-strlen.o)
                              ./Core/Src/ESP8266.o (strlen)
d:/stm32cubeide_1.7.0/stm32cubeide/plugins/com.st.stm32cube.ide.mcu.externaltools.gnu-tools-for-stm32.9-2020-q2-update.win32_2.0.0.202105311346/tools/bin/../lib/gcc/arm-none-eabi/9.3.1/../../../../arm-none-eabi/lib/thumb/v7-m/nofp\libc_nano.a(lib_a-nano-svfprintf.o)
                              d:/stm32cubeide_1.7.0/stm32cubeide/plugins/com.st.stm32cube.ide.mcu.externaltools.gnu-tools-for-stm32.9-2020-q2-update.win32_2.0.0.202105311346/tools/bin/../lib/gcc/arm-none-eabi/9.3.1/../../../../arm-none-eabi/lib/thumb/v7-m/nofp\libc_nano.a(lib_a-sprintf.o) (_svfprintf_r)
d:/stm32cubeide_1.7.0/stm32cubeide/plugins/com.st.stm32cube.ide.mcu.externaltools.gnu-tools-for-stm32.9-2020-q2-update.win32_2.0.0.202105311346/tools/bin/../lib/gcc/arm-none-eabi/9.3.1/../../../../arm-none-eabi/lib/thumb/v7-m/nofp\libc_nano.a(lib_a-nano-vfprintf_i.o)
                              d:/stm32cubeide_1.7.0/stm32cubeide/plugins/com.st.stm32cube.ide.mcu.externaltools.gnu-tools-for-stm32.9-2020-q2-update.win32_2.0.0.202105311346/tools/bin/../lib/gcc/arm-none-eabi/9.3.1/../../../../arm-none-eabi/lib/thumb/v7-m/nofp\libc_nano.a(lib_a-nano-svfprintf.o) (_printf_i)
d:/stm32cubeide_1.7.0/stm32cubeide/plugins/com.st.stm32cube.ide.mcu.externaltools.gnu-tools-for-stm32.9-2020-q2-update.win32_2.0.0.202105311346/tools/bin/../lib/gcc/arm-none-eabi/9.3.1/../../../../arm-none-eabi/lib/thumb/v7-m/nofp\libc_nano.a(lib_a-memchr-stub.o)
[...]
Memory Configuration

Name             Origin             Length             Attributes
RAM              0x0000000020000000 0x0000000000005000 xrw
FLASH            0x0000000008000000 0x0000000000010000 xr
*default*        0x0000000000000000 0xffffffffffffffff

Linker script and memory map

LOAD d:/stm32cubeide_1.7.0/stm32cubeide/plugins/com.st.stm32cube.ide.mcu.externaltools.gnu-tools-for-stm32.9-2020-q2-update.win32_2.0.0.202105311346/tools/bin/../lib/gcc/arm-none-eabi/9.3.1/thumb/v7-m/nofp/crti.o
LOAD d:/stm32cubeide_1.7.0/stm32cubeide/plugins/com.st.stm32cube.ide.mcu.externaltools.gnu-tools-for-stm32.9-2020-q2-update.win32_2.0.0.202105311346/tools/bin/../lib/gcc/arm-none-eabi/9.3.1/thumb/v7-m/nofp/crtbegin.o
LOAD d:/stm32cubeide_1.7.0/stm32cubeide/plugins/com.st.stm32cube.ide.mcu.externaltools.gnu-tools-for-stm32.9-2020-q2-update.win32_2.0.0.202105311346/tools/bin/../lib/gcc/arm-none-eabi/9.3.1/../../../../arm-none-eabi/lib/thumb/v7-m/nofp/crt0.o
LOAD ./Core/Src/DHT22.o
LOAD ./Core/Src/ESP8266.o
LOAD ./Core/Src/dma.o
LOAD ./Core/Src/gpio.o
LOAD ./Core/Src/main.o
LOAD ./Core/Src/stm32f1xx_hal_msp.o
LOAD ./Core/Src/stm32f1xx_it.o
LOAD ./Core/Src/syscalls.o
LOAD ./Core/Src/sysmem.o
LOAD ./Core/Src/system_stm32f1xx.o
LOAD ./Core/Src/tim.o
LOAD ./Core/Src/usart.o
LOAD ./Core/Startup/startup_stm32f103c8tx.o
LOAD ./Drivers/STM32F1xx_HAL_Driver/Src/stm32f1xx_hal.o
LOAD ./Drivers/STM32F1xx_HAL_Driver/Src/stm32f1xx_hal_cortex.o
LOAD ./Drivers/STM32F1xx_HAL_Driver/Src/stm32f1xx_hal_dma.o
LOAD ./Drivers/STM32F1xx_HAL_Driver/Src/stm32f1xx_hal_exti.o
LOAD ./Drivers/STM32F1xx_HAL_Driver/Src/stm32f1xx_hal_flash.o
LOAD ./Drivers/STM32F1xx_HAL_Driver/Src/stm32f1xx_hal_flash_ex.o
LOAD ./Drivers/STM32F1xx_HAL_Driver/Src/stm32f1xx_hal_gpio.o
LOAD ./Drivers/STM32F1xx_HAL_Driver/Src/stm32f1xx_hal_gpio_ex.o
LOAD ./Drivers/STM32F1xx_HAL_Driver/Src/stm32f1xx_hal_pcd.o
LOAD ./Drivers/STM32F1xx_HAL_Driver/Src/stm32f1xx_hal_pcd_ex.o
LOAD ./Drivers/STM32F1xx_HAL_Driver/Src/stm32f1xx_hal_pwr.o
LOAD ./Drivers/STM32F1xx_HAL_Driver/Src/stm32f1xx_hal_rcc.o
LOAD ./Drivers/STM32F1xx_HAL_Driver/Src/stm32f1xx_hal_rcc_ex.o
LOAD ./Drivers/STM32F1xx_HAL_Driver/Src/stm32f1xx_hal_tim.o
LOAD ./Drivers/STM32F1xx_HAL_Driver/Src/stm32f1xx_hal_tim_ex.o
LOAD ./Drivers/STM32F1xx_HAL_Driver/Src/stm32f1xx_hal_uart.o
LOAD ./Drivers/STM32F1xx_HAL_Driver/Src/stm32f1xx_ll_usb.o
LOAD ./Middlewares/ST/STM32_USB_Device_Library/Class/CDC/Src/usbd_cdc.o
LOAD ./Middlewares/ST/STM32_USB_Device_Library/Core/Src/usbd_core.o
LOAD ./Middlewares/ST/STM32_USB_Device_Library/Core/Src/usbd_ctlreq.o
LOAD ./Middlewares/ST/STM32_USB_Device_Library/Core/Src/usbd_ioreq.o
LOAD ./USB_DEVICE/App/usb_device.o
LOAD ./USB_DEVICE/App/usbd_cdc_if.o
LOAD ./USB_DEVICE/App/usbd_desc.o
LOAD ./USB_DEVICE/Target/usbd_conf.o
START GROUP
LOAD d:/stm32cubeide_1.7.0/stm32cubeide/plugins/com.st.stm32cube.ide.mcu.externaltools.gnu-tools-for-stm32.9-2020-q2-update.win32_2.0.0.202105311346/tools/bin/../lib/gcc/arm-none-eabi/9.3.1/../../../../arm-none-eabi/lib/thumb/v7-m/nofp\libc_nano.a
LOAD d:/stm32cubeide_1.7.0/stm32cubeide/plugins/com.st.stm32cube.ide.mcu.externaltools.gnu-tools-for-stm32.9-2020-q2-update.win32_2.0.0.202105311346/tools/bin/../lib/gcc/arm-none-eabi/9.3.1/../../../../arm-none-eabi/lib/thumb/v7-m/nofp\libm.a
END GROUP
START GROUP
LOAD d:/stm32cubeide_1.7.0/stm32cubeide/plugins/com.st.stm32cube.ide.mcu.externaltools.gnu-tools-for-stm32.9-2020-q2-update.win32_2.0.0.202105311346/tools/bin/../lib/gcc/arm-none-eabi/9.3.1/thumb/v7-m/nofp\libgcc.a
LOAD d:/stm32cubeide_1.7.0/stm32cubeide/plugins/com.st.stm32cube.ide.mcu.externaltools.gnu-tools-for-stm32.9-2020-q2-update.win32_2.0.0.202105311346/tools/bin/../lib/gcc/arm-none-eabi/9.3.1/../../../../arm-none-eabi/lib/thumb/v7-m/nofp\libc_nano.a
END GROUP
START GROUP
LOAD d:/stm32cubeide_1.7.0/stm32cubeide/plugins/com.st.stm32cube.ide.mcu.externaltools.gnu-tools-for-stm32.9-2020-q2-update.win32_2.0.0.202105311346/tools/bin/../lib/gcc/arm-none-eabi/9.3.1/thumb/v7-m/nofp\libgcc.a
LOAD d:/stm32cubeide_1.7.0/stm32cubeide/plugins/com.st.stm32cube.ide.mcu.externaltools.gnu-tools-for-stm32.9-2020-q2-update.win32_2.0.0.202105311346/tools/bin/../lib/gcc/arm-none-eabi/9.3.1/../../../../arm-none-eabi/lib/thumb/v7-m/nofp\libc_nano.a
LOAD d:/stm32cubeide_1.7.0/stm32cubeide/plugins/com.st.stm32cube.ide.mcu.externaltools.gnu-tools-for-stm32.9-2020-q2-update.win32_2.0.0.202105311346/tools/bin/../lib/gcc/arm-none-eabi/9.3.1/../../../../arm-none-eabi/lib/thumb/v7-m/nofp\libnosys.a
END GROUP
START GROUP
LOAD d:/stm32cubeide_1.7.0/stm32cubeide/plugins/com.st.stm32cube.ide.mcu.externaltools.gnu-tools-for-stm32.9-2020-q2-update.win32_2.0.0.202105311346/tools/bin/../lib/gcc/arm-none-eabi/9.3.1/thumb/v7-m/nofp\libgcc.a
LOAD d:/stm32cubeide_1.7.0/stm32cubeide/plugins/com.st.stm32cube.ide.mcu.externaltools.gnu-tools-for-stm32.9-2020-q2-update.win32_2.0.0.202105311346/tools/bin/../lib/gcc/arm-none-eabi/9.3.1/../../../../arm-none-eabi/lib/thumb/v7-m/nofp\libc_nano.a
LOAD d:/stm32cubeide_1.7.0/stm32cubeide/plugins/com.st.stm32cube.ide.mcu.externaltools.gnu-tools-for-stm32.9-2020-q2-update.win32_2.0.0.202105311346/tools/bin/../lib/gcc/arm-none-eabi/9.3.1/../../../../arm-none-eabi/lib/thumb/v7-m/nofp\libnosys.a
END GROUP
LOAD d:/stm32cubeide_1.7.0/stm32cubeide/plugins/com.st.stm32cube.ide.mcu.externaltools.gnu-tools-for-stm32.9-2020-q2-update.win32_2.0.0.202105311346/tools/bin/../lib/gcc/arm-none-eabi/9.3.1/thumb/v7-m/nofp/crtend.o
LOAD d:/stm32cubeide_1.7.0/stm32cubeide/plugins/com.st.stm32cube.ide.mcu.externaltools.gnu-tools-for-stm32.9-2020-q2-update.win32_2.0.0.202105311346/tools/bin/../lib/gcc/arm-none-eabi/9.3.1/thumb/v7-m/nofp/crtn.o
                0x0000000020005000                _estack = (ORIGIN (RAM) + LENGTH (RAM))
                0x0000000000000400                _Min_Heap_Size = 0x400
                0x0000000000000800                _Min_Stack_Size = 0x800

.isr_vector     0x0000000008000000      0x10c
                0x0000000008000000                . = ALIGN (0x4)
 *(.isr_vector)
 .isr_vector    0x0000000008000000      0x10c ./Core/Startup/startup_stm32f103c8tx.o
                0x0000000008000000                g_pfnVectors
                0x000000000800010c                . = ALIGN (0x4)

.text           0x000000000800010c     0xa0e4
                0x000000000800010c                . = ALIGN (0x4)
 *(.text)
 .text          0x000000000800010c       0x40 d:/stm32cubeide_1.7.0/stm32cubeide/plugins/com.st.stm32cube.ide.mcu.externaltools.gnu-tools-for-stm32.9-2020-q2-update.win32_2.0.0.202105311346/tools/bin/../lib/gcc/arm-none-eabi/9.3.1/thumb/v7-m/nofp/crtbegin.o
 .text          0x000000000800014c       0x10 d:/stm32cubeide_1.7.0/stm32cubeide/plugins/com.st.stm32cube.ide.mcu.externaltools.gnu-tools-for-stm32.9-2020-q2-update.win32_2.0.0.202105311346/tools/bin/../lib/gcc/arm-none-eabi/9.3.1/../../../../arm-none-eabi/lib/thumb/v7-m/nofp\libc_nano.a(lib_a-strlen.o)
                0x000000000800014c                strlen
 .text          0x000000000800015c      0x21c d:/stm32cubeide_1.7.0/stm32cubeide/plugins/com.st.stm32cube.ide.mcu.externaltools.gnu-tools-for-stm32.9-2020-q2-update.win32_2.0.0.202105311346/tools/bin/../lib/gcc/arm-none-eabi/9.3.1/thumb/v7-m/nofp\libgcc.a(_arm_addsubsf3.o)
                0x000000000800015c                __aeabi_frsub
                0x0000000008000164                __subsf3
                0x0000000008000164                __aeabi_fsub
                0x0000000008000168                __aeabi_fadd
                0x0000000008000168                __addsf3
                0x00000000080002c8                __aeabi_ui2f
                0x00000000080002c8                __floatunsisf
                0x00000000080002d0                __aeabi_i2f
                0x00000000080002d0                __floatsisf
                0x00000000080002ec                __aeabi_ul2f
                0x00000000080002ec                __floatundisf
                0x00000000080002fc                __aeabi_l2f
                0x00000000080002fc                __floatdisf
 .text          0x0000000008000378      0x2a0 d:/stm32cubeide_1.7.0/stm32cubeide/plugins/com.st.stm32cube.ide.mcu.externaltools.gnu-tools-for-stm32.9-2020-q2-update.win32_2.0.0.202105311346/tools/bin/../lib/gcc/arm-none-eabi/9.3.1/thumb/v7-m/nofp\libgcc.a(_arm_muldivsf3.o)
                0x0000000008000378                __mulsf3
                0x0000000008000378                __aeabi_fmul
                0x00000000080004e0                __aeabi_fdiv
                0x00000000080004e0                __divsf3
 *(.text*)
 .text.DHT22_Init
                0x0000000008000618       0x30 ./Core/Src/DHT22.o
                0x0000000008000618                DHT22_Init
 .text.gpio_output
                0x0000000008000648       0x3c ./Core/Src/DHT22.o
 .text.gpio_input
                0x0000000008000684       0x38 ./Core/Src/DHT22.o
 .text.DHT22_Verify_Data
                0x00000000080006bc       0x6a ./Core/Src/DHT22.o
 *fill*         0x0000000008000726        0x2 
 .text.ONE_WIRE_Start
                0x0000000008000728       0x48 ./Core/Src/DHT22.o
                0x0000000008000728                ONE_WIRE_Start
 .text.ONE_WIRE_Response
                0x0000000008000770       0x80 ./Core/Src/DHT22.o
                0x0000000008000770                ONE_WIRE_Response
 .text.DHT22_Get_Data
                0x00000000080007f0       0x72 ./Core/Src/DHT22.o
                0x00000000080007f0                DHT22_Get_Data
 *fill*         0x0000000008000862        0x2 
 .text.DHT22_ReadData
                0x0000000008000864      0x138 ./Core/Src/DHT22.o
                0x0000000008000864                DHT22_ReadData
 .text.DHT22_THMsg
                0x000000000800099c       0xa0 ./Core/Src/DHT22.o
                0x000000000800099c                DHT22_THMsg
 .text.ESP_Send_cmd
                0x0000000008000a3c       0x38 ./Core/Src/ESP8266.o
                0x0000000008000a3c                ESP_Send_cmd
 .text.ESP_Send_Data_TT
                0x0000000008000a74       0x4c ./Core/Src/ESP8266.o
                0x0000000008000a74                ESP_Send_Data_TT
 .text.ESP_Init_TT
                0x0000000008000ac0       0x28 ./Core/Src/ESP8266.o
                0x0000000008000ac0                ESP_Init_TT
 .text.ESP_Init
                0x0000000008000ae8      0x158 ./Core/Src/ESP8266.o
                0x0000000008000ae8                ESP_Init
 .text.MX_DMA_Init
                0x0000000008000c40       0x4c ./Core/Src/dma.o
                0x0000000008000c40                MX_DMA_Init
 .text.MX_GPIO_Init
                0x0000000008000c8c       0xa0 ./Core/Src/gpio.o
                0x0000000008000c8c                MX_GPIO_Init
 .text.main     0x0000000008000d2c      0x104 ./Core/Src/main.o
                0x0000000008000d2c                main
 .text.SystemClock_Config
                0x0000000008000e30       0xb4 ./Core/Src/main.o
                0x0000000008000e30                SystemClock_Config
 .text.Error_Handler
                0x0000000008000ee4        0xc ./Core/Src/main.o
                0x0000000008000ee4                Error_Handler
 .text.NMI_Handler
                0x0000000008000ef0        0x6 ./Core/Src/stm32f1xx_it.o
                0x0000000008000ef0                NMI_Handler
 .text.HardFault_Handler
                0x0000000008000ef6        0x6 ./Core/Src/stm32f1xx_it.o
                0x0000000008000ef6                HardFault_Handler
 .text.MemManage_Handler
                0x0000000008000efc        0x6 ./Core/Src/stm32f1xx_it.o
                0x0000000008000efc                MemManage_Handler
 .text.BusFault_Handler
                0x0000000008000f02        0x6 ./Core/Src/stm32f1xx_it.o
                0x0000000008000f02                BusFault_Handler
 .text.UsageFault_Handler
                0x0000000008000f08        0x6 ./Core/Src/stm32f1xx_it.o
                0x0000000008000f08                UsageFault_Handler
 .text.SVC_Handler
                0x0000000008000f0e        0xc ./Core/Src/stm32f1xx_it.o
                0x0000000008000f0e                SVC_Handler
 .text.DebugMon_Handler
                0x0000000008000f1a        0xc ./Core/Src/stm32f1xx_it.o
                0x0000000008000f1a                DebugMon_Handler
 .text.PendSV_Handler
                0x0000000008000f26        0xc ./Core/Src/stm32f1xx_it.o
                0x0000000008000f26                PendSV_Handler
 .text.SysTick_Handler
                0x0000000008000f32        0xc ./Core/Src/stm32f1xx_it.o
                0x0000000008000f32                SysTick_Handler
 *fill*         0x0000000008000f3e        0x2 
 .text.DMA1_Channel6_IRQHandler
                0x0000000008000f40       0x14 ./Core/Src/stm32f1xx_it.o
                0x0000000008000f40                DMA1_Channel6_IRQHandler
 .text.DMA1_Channel7_IRQHandler
                0x0000000008000f54       0x14 ./Core/Src/stm32f1xx_it.o
                0x0000000008000f54                DMA1_Channel7_IRQHandler
 .text.USB_HP_CAN1_TX_IRQHandler
                0x0000000008000f68       0x14 ./Core/Src/stm32f1xx_it.o
                0x0000000008000f68                USB_HP_CAN1_TX_IRQHandler
 .text.USB_LP_CAN1_RX0_IRQHandler
                0x0000000008000f7c       0x14 ./Core/Src/stm32f1xx_it.o
                0x0000000008000f7c                USB_LP_CAN1_RX0_IRQHandler
 .text.USART2_IRQHandler
                0x0000000008000f90       0x24 ./Core/Src/stm32f1xx_it.o
                0x0000000008000f90                USART2_IRQHandler
 .text._sbrk    0x0000000008000fb4       0x6c ./Core/Src/sysmem.o
                0x0000000008000fb4                _sbrk
 .text.SystemInit
                0x0000000008001020        0xc ./Core/Src/system_stm32f1xx.o
                0x0000000008001020                SystemInit
 .text.MX_TIM4_Init
                0x000000000800102c       0x9c ./Core/Src/tim.o
                0x000000000800102c                MX_TIM4_Init
 .text.HAL_TIM_Base_MspInit
                0x00000000080010c8       0x3c ./Core/Src/tim.o
                0x00000000080010c8                HAL_TIM_Base_MspInit
 .text.delay_us
                0x0000000008001104       0x48 ./Core/Src/tim.o
                0x0000000008001104                delay_us
 .text.MX_USART2_UART_Init
                0x000000000800114c       0x64 ./Core/Src/usart.o
                0x000000000800114c                MX_USART2_UART_Init
 .text.HAL_UART_MspInit
                0x00000000080011b0      0x150 ./Core/Src/usart.o
                0x00000000080011b0                HAL_UART_MspInit
 .text.HAL_UART_MspDeInit
                0x0000000008001300       0x70 ./Core/Src/usart.o
                0x0000000008001300                HAL_UART_MspDeInit
 .text.USART2_DMA_RxCpltCallback
                0x0000000008001370       0x98 ./Core/Src/usart.o
                0x0000000008001370                USART2_DMA_RxCpltCallback
 .text.HAL_UART_RxCpltCallback
                0x0000000008001408       0x12 ./Core/Src/usart.o
                0x0000000008001408                HAL_UART_RxCpltCallback
 *fill*         0x000000000800141a        0x2 
 .text.HAL_UART_ErrorCallback
                0x000000000800141c       0x4c ./Core/Src/usart.o
                0x000000000800141c                HAL_UART_ErrorCallback
 .text.Reset_Handler
                0x0000000008001468       0x48 ./Core/Startup/startup_stm32f103c8tx.o
                0x0000000008001468                Reset_Handler
 .text.Default_Handler
                0x00000000080014b0        0x2 ./Core/Startup/startup_stm32f103c8tx.o
                0x00000000080014b0                RTC_Alarm_IRQHandler
                0x00000000080014b0                EXTI2_IRQHandler
                0x00000000080014b0                TIM1_CC_IRQHandler
                0x00000000080014b0                PVD_IRQHandler
                0x00000000080014b0                EXTI3_IRQHandler
                0x00000000080014b0                EXTI0_IRQHandler
                0x00000000080014b0                I2C2_EV_IRQHandler
                0x00000000080014b0                ADC1_2_IRQHandler
                0x00000000080014b0                SPI1_IRQHandler
                0x00000000080014b0                TAMPER_IRQHandler
                0x00000000080014b0                DMA1_Channel4_IRQHandler
                0x00000000080014b0                USART3_IRQHandler
                0x00000000080014b0                RTC_IRQHandler
                0x00000000080014b0                CAN1_RX1_IRQHandler
                0x00000000080014b0                TIM4_IRQHandler
                0x00000000080014b0                I2C1_EV_IRQHandler
                0x00000000080014b0                TIM3_IRQHandler
                0x00000000080014b0                RCC_IRQHandler
                0x00000000080014b0                TIM1_TRG_COM_IRQHandler
                0x00000000080014b0                DMA1_Channel1_IRQHandler
                0x00000000080014b0                Default_Handler
                0x00000000080014b0                EXTI15_10_IRQHandler
                0x00000000080014b0                EXTI9_5_IRQHandler
                0x00000000080014b0                SPI2_IRQHandler
                0x00000000080014b0                DMA1_Channel5_IRQHandler
                0x00000000080014b0                EXTI4_IRQHandler
                0x00000000080014b0                DMA1_Channel3_IRQHandler
                0x00000000080014b0                TIM1_UP_IRQHandler
                0x00000000080014b0                WWDG_IRQHandler
                0x00000000080014b0                TIM2_IRQHandler
                0x00000000080014b0                TIM1_BRK_IRQHandler
                0x00000000080014b0                EXTI1_IRQHandler
                0x00000000080014b0                I2C2_ER_IRQHandler
                0x00000000080014b0                DMA1_Channel2_IRQHandler
                0x00000000080014b0                CAN1_SCE_IRQHandler
                0x00000000080014b0                FLASH_IRQHandler
                0x00000000080014b0                USART1_IRQHandler
                0x00000000080014b0                I2C1_ER_IRQHandler
                0x00000000080014b0                USBWakeUp_IRQHandler
 *fill*         0x00000000080014b2        0x2 
 .text.HAL_InitTick
                0x00000000080014b4       0x60 ./Drivers/STM32F1xx_HAL_Driver/Src/stm32f1xx_hal.o
                0x00000000080014b4                HAL_InitTick
 .text.HAL_IncTick
                0x0000000008001514       0x24 ./Drivers/STM32F1xx_HAL_Driver/Src/stm32f1xx_hal.o
                0x0000000008001514                HAL_IncTick
 .text.HAL_GetTick
                0x0000000008001538       0x14 ./Drivers/STM32F1xx_HAL_Driver/Src/stm32f1xx_hal.o
                0x0000000008001538                HAL_GetTick
 .text.HAL_Delay
                0x000000000800154c       0x48 ./Drivers/STM32F1xx_HAL_Driver/Src/stm32f1xx_hal.o
                0x000000000800154c                HAL_Delay
 .text.__NVIC_GetPriorityGrouping
                0x0000000008001594       0x1c ./Drivers/STM32F1xx_HAL_Driver/Src/stm32f1xx_hal_cortex.o
 .text.__NVIC_EnableIRQ
                0x00000000080015b0       0x38 ./Drivers/STM32F1xx_HAL_Driver/Src/stm32f1xx_hal_cortex.o
 .text.__NVIC_DisableIRQ
                0x00000000080015e8       0x48 ./Drivers/STM32F1xx_HAL_Driver/Src/stm32f1xx_hal_cortex.o
 .text.__NVIC_SetPriority
                0x0000000008001630       0x54 ./Drivers/STM32F1xx_HAL_Driver/Src/stm32f1xx_hal_cortex.o
 .text.NVIC_EncodePriority
                0x0000000008001684       0x64 ./Drivers/STM32F1xx_HAL_Driver/Src/stm32f1xx_hal_cortex.o
 .text.SysTick_Config
                0x00000000080016e8       0x44 ./Drivers/STM32F1xx_HAL_Driver/Src/stm32f1xx_hal_cortex.o
 .text.HAL_NVIC_SetPriority
                0x000000000800172c       0x38 ./Drivers/STM32F1xx_HAL_Driver/Src/stm32f1xx_hal_cortex.o
                0x000000000800172c                HAL_NVIC_SetPriority
 .text.HAL_NVIC_EnableIRQ
                0x0000000008001764       0x1c ./Drivers/STM32F1xx_HAL_Driver/Src/stm32f1xx_hal_cortex.o
                0x0000000008001764                HAL_NVIC_EnableIRQ
 .text.HAL_NVIC_DisableIRQ
                0x0000000008001780       0x1c ./Drivers/STM32F1xx_HAL_Driver/Src/stm32f1xx_hal_cortex.o
                0x0000000008001780                HAL_NVIC_DisableIRQ
 .text.HAL_SYSTICK_Config
                0x000000000800179c       0x18 ./Drivers/STM32F1xx_HAL_Driver/Src/stm32f1xx_hal_cortex.o
                0x000000000800179c                HAL_SYSTICK_Config
 .text.HAL_DMA_Init
                0x00000000080017b4       0xb4 ./Drivers/STM32F1xx_HAL_Driver/Src/stm32f1xx_hal_dma.o
                0x00000000080017b4                HAL_DMA_Init
 .text.HAL_DMA_DeInit
                0x0000000008001868       0xb8 ./Drivers/STM32F1xx_HAL_Driver/Src/stm32f1xx_hal_dma.o
                0x0000000008001868                HAL_DMA_DeInit
 .text.HAL_DMA_Start_IT
                0x0000000008001920       0xbe ./Drivers/STM32F1xx_HAL_Driver/Src/stm32f1xx_hal_dma.o
                0x0000000008001920                HAL_DMA_Start_IT
 .text.HAL_DMA_Abort
                0x00000000080019de       0x74 ./Drivers/STM32F1xx_HAL_Driver/Src/stm32f1xx_hal_dma.o
                0x00000000080019de                HAL_DMA_Abort
 *fill*         0x0000000008001a52        0x2 
 .text.HAL_DMA_Abort_IT
                0x0000000008001a54       0xec ./Drivers/STM32F1xx_HAL_Driver/Src/stm32f1xx_hal_dma.o
                0x0000000008001a54                HAL_DMA_Abort_IT
 .text.HAL_DMA_IRQHandler
                0x0000000008001b40      0x20c ./Drivers/STM32F1xx_HAL_Driver/Src/stm32f1xx_hal_dma.o
                0x0000000008001b40                HAL_DMA_IRQHandler
 .text.DMA_SetConfig
                0x0000000008001d4c       0x5a ./Drivers/STM32F1xx_HAL_Driver/Src/stm32f1xx_hal_dma.o
 *fill*         0x0000000008001da6        0x2 
 .text.HAL_GPIO_Init
                0x0000000008001da8      0x308 ./Drivers/STM32F1xx_HAL_Driver/Src/stm32f1xx_hal_gpio.o
                0x0000000008001da8                HAL_GPIO_Init
 .text.HAL_GPIO_DeInit
                0x00000000080020b0      0x178 ./Drivers/STM32F1xx_HAL_Driver/Src/stm32f1xx_hal_gpio.o
                0x00000000080020b0                HAL_GPIO_DeInit
 .text.HAL_GPIO_ReadPin
                0x0000000008002228       0x2e ./Drivers/STM32F1xx_HAL_Driver/Src/stm32f1xx_hal_gpio.o
                0x0000000008002228                HAL_GPIO_ReadPin
 .text.HAL_GPIO_WritePin
                0x0000000008002256       0x30 ./Drivers/STM32F1xx_HAL_Driver/Src/stm32f1xx_hal_gpio.o
                0x0000000008002256                HAL_GPIO_WritePin
 .text.HAL_GPIO_TogglePin
                0x0000000008002286       0x32 ./Drivers/STM32F1xx_HAL_Driver/Src/stm32f1xx_hal_gpio.o
                0x0000000008002286                HAL_GPIO_TogglePin
 .text.HAL_PCD_Init
                0x00000000080022b8      0x216 ./Drivers/STM32F1xx_HAL_Driver/Src/stm32f1xx_hal_pcd.o
                0x00000000080022b8                HAL_PCD_Init
 .text.HAL_PCD_Start
                0x00000000080024ce       0x4c ./Drivers/STM32F1xx_HAL_Driver/Src/stm32f1xx_hal_pcd.o
                0x00000000080024ce                HAL_PCD_Start
 .text.HAL_PCD_IRQHandler
                0x000000000800251a      0x2aa ./Drivers/STM32F1xx_HAL_Driver/Src/stm32f1xx_hal_pcd.o
                0x000000000800251a                HAL_PCD_IRQHandler
 .text.HAL_PCD_SetAddress
                0x00000000080027c4       0x4a ./Drivers/STM32F1xx_HAL_Driver/Src/stm32f1xx_hal_pcd.o
                0x00000000080027c4                HAL_PCD_SetAddress
 .text.HAL_PCD_EP_Open
                0x000000000800280e       0xcc ./Drivers/STM32F1xx_HAL_Driver/Src/stm32f1xx_hal_pcd.o
                0x000000000800280e                HAL_PCD_EP_Open
 .text.HAL_PCD_EP_Close
                0x00000000080028da       0x90 ./Drivers/STM32F1xx_HAL_Driver/Src/stm32f1xx_hal_pcd.o
                0x00000000080028da                HAL_PCD_EP_Close
 .text.HAL_PCD_EP_Receive
                0x000000000800296a       0x7a ./Drivers/STM32F1xx_HAL_Driver/Src/stm32f1xx_hal_pcd.o
                0x000000000800296a                HAL_PCD_EP_Receive
 .text.HAL_PCD_EP_GetRxCount
                0x00000000080029e4       0x2e ./Drivers/STM32F1xx_HAL_Driver/Src/stm32f1xx_hal_pcd.o
                0x00000000080029e4                HAL_PCD_EP_GetRxCount
 .text.HAL_PCD_EP_Transmit
                0x0000000008002a12       0x86 ./Drivers/STM32F1xx_HAL_Driver/Src/stm32f1xx_hal_pcd.o
                0x0000000008002a12                HAL_PCD_EP_Transmit
 .text.HAL_PCD_EP_SetStall
                0x0000000008002a98       0xc0 ./Drivers/STM32F1xx_HAL_Driver/Src/stm32f1xx_hal_pcd.o
                0x0000000008002a98                HAL_PCD_EP_SetStall
 .text.HAL_PCD_EP_ClrStall
                0x0000000008002b58       0xa8 ./Drivers/STM32F1xx_HAL_Driver/Src/stm32f1xx_hal_pcd.o
                0x0000000008002b58                HAL_PCD_EP_ClrStall
 .text.PCD_EP_ISR_Handler
                0x0000000008002c00      0x5e6 ./Drivers/STM32F1xx_HAL_Driver/Src/stm32f1xx_hal_pcd.o
 .text.HAL_PCD_EP_DB_Receive
                0x00000000080031e6      0x21a ./Drivers/STM32F1xx_HAL_Driver/Src/stm32f1xx_hal_pcd.o
 .text.HAL_PCD_EP_DB_Transmit
                0x0000000008003400      0x556 ./Drivers/STM32F1xx_HAL_Driver/Src/stm32f1xx_hal_pcd.o
 .text.HAL_PCDEx_PMAConfig
                0x0000000008003956       0x84 ./Drivers/STM32F1xx_HAL_Driver/Src/stm32f1xx_hal_pcd_ex.o
                0x0000000008003956                HAL_PCDEx_PMAConfig
 *fill*         0x00000000080039da        0x2 
 .text.HAL_RCC_OscConfig
                0x00000000080039dc      0x500 ./Drivers/STM32F1xx_HAL_Driver/Src/stm32f1xx_hal_rcc.o
                0x00000000080039dc                HAL_RCC_OscConfig
 .text.HAL_RCC_ClockConfig
                0x0000000008003edc      0x1d4 ./Drivers/STM32F1xx_HAL_Driver/Src/stm32f1xx_hal_rcc.o
                0x0000000008003edc                HAL_RCC_ClockConfig
 .text.HAL_RCC_GetSysClockFreq
                0x00000000080040b0       0xc0 ./Drivers/STM32F1xx_HAL_Driver/Src/stm32f1xx_hal_rcc.o
                0x00000000080040b0                HAL_RCC_GetSysClockFreq
 .text.HAL_RCC_GetHCLKFreq
                0x0000000008004170       0x14 ./Drivers/STM32F1xx_HAL_Driver/Src/stm32f1xx_hal_rcc.o
                0x0000000008004170                HAL_RCC_GetHCLKFreq
 .text.HAL_RCC_GetPCLK1Freq
                0x0000000008004184       0x28 ./Drivers/STM32F1xx_HAL_Driver/Src/stm32f1xx_hal_rcc.o
                0x0000000008004184                HAL_RCC_GetPCLK1Freq
 .text.HAL_RCC_GetPCLK2Freq
                0x00000000080041ac       0x28 ./Drivers/STM32F1xx_HAL_Driver/Src/stm32f1xx_hal_rcc.o
                0x00000000080041ac                HAL_RCC_GetPCLK2Freq
 .text.RCC_Delay
                0x00000000080041d4       0x3c ./Drivers/STM32F1xx_HAL_Driver/Src/stm32f1xx_hal_rcc.o
 .text.HAL_RCCEx_PeriphCLKConfig
                0x0000000008004210      0x16c ./Drivers/STM32F1xx_HAL_Driver/Src/stm32f1xx_hal_rcc_ex.o
                0x0000000008004210                HAL_RCCEx_PeriphCLKConfig
 .text.HAL_TIM_Base_Init
                0x000000000800437c       0x9e ./Drivers/STM32F1xx_HAL_Driver/Src/stm32f1xx_hal_tim.o
                0x000000000800437c                HAL_TIM_Base_Init
 *fill*         0x000000000800441a        0x2 
 .text.HAL_TIM_Base_Start
                0x000000000800441c       0x94 ./Drivers/STM32F1xx_HAL_Driver/Src/stm32f1xx_hal_tim.o
                0x000000000800441c                HAL_TIM_Base_Start
 .text.HAL_TIM_Base_Stop
                0x00000000080044b0       0x4c ./Drivers/STM32F1xx_HAL_Driver/Src/stm32f1xx_hal_tim.o
                0x00000000080044b0                HAL_TIM_Base_Stop
 .text.HAL_TIM_ConfigClockSource
                0x00000000080044fc      0x188 ./Drivers/STM32F1xx_HAL_Driver/Src/stm32f1xx_hal_tim.o
                0x00000000080044fc                HAL_TIM_ConfigClockSource
 .text.TIM_Base_SetConfig
                0x0000000008004684       0xc4 ./Drivers/STM32F1xx_HAL_Driver/Src/stm32f1xx_hal_tim.o
                0x0000000008004684                TIM_Base_SetConfig
 .text.TIM_TI1_ConfigInputStage
                0x0000000008004748       0x5c ./Drivers/STM32F1xx_HAL_Driver/Src/stm32f1xx_hal_tim.o
 .text.TIM_TI2_ConfigInputStage
                0x00000000080047a4       0x5e ./Drivers/STM32F1xx_HAL_Driver/Src/stm32f1xx_hal_tim.o
 .text.TIM_ITRx_SetConfig
                0x0000000008004802       0x34 ./Drivers/STM32F1xx_HAL_Driver/Src/stm32f1xx_hal_tim.o
 .text.TIM_ETR_SetConfig
                0x0000000008004836       0x3e ./Drivers/STM32F1xx_HAL_Driver/Src/stm32f1xx_hal_tim.o
                0x0000000008004836                TIM_ETR_SetConfig
 .text.HAL_TIMEx_MasterConfigSynchronization
                0x0000000008004874       0xbc ./Drivers/STM32F1xx_HAL_Driver/Src/stm32f1xx_hal_tim_ex.o
                0x0000000008004874                HAL_TIMEx_MasterConfigSynchronization
 .text.HAL_UART_Init
                0x0000000008004930       0x9a ./Drivers/STM32F1xx_HAL_Driver/Src/stm32f1xx_hal_uart.o
                0x0000000008004930                HAL_UART_Init
 .text.HAL_UART_Transmit
                0x00000000080049ca      0x124 ./Drivers/STM32F1xx_HAL_Driver/Src/stm32f1xx_hal_uart.o
                0x00000000080049ca                HAL_UART_Transmit
 .text.HAL_UART_Receive
                0x0000000008004aee      0x13e ./Drivers/STM32F1xx_HAL_Driver/Src/stm32f1xx_hal_uart.o
                0x0000000008004aee                HAL_UART_Receive
 .text.HAL_UART_Transmit_DMA
                0x0000000008004c2c       0xd8 ./Drivers/STM32F1xx_HAL_Driver/Src/stm32f1xx_hal_uart.o
                0x0000000008004c2c                HAL_UART_Transmit_DMA
 .text.HAL_UART_Receive_DMA
                0x0000000008004d04      0x100 ./Drivers/STM32F1xx_HAL_Driver/Src/stm32f1xx_hal_uart.o
                0x0000000008004d04                HAL_UART_Receive_DMA
 .text.HAL_UART_DMAStop
                0x0000000008004e04       0xb6 ./Drivers/STM32F1xx_HAL_Driver/Src/stm32f1xx_hal_uart.o
                0x0000000008004e04                HAL_UART_DMAStop
 *fill*         0x0000000008004eba        0x2 
 .text.HAL_UART_IRQHandler
                0x0000000008004ebc      0x200 ./Drivers/STM32F1xx_HAL_Driver/Src/stm32f1xx_hal_uart.o
                0x0000000008004ebc                HAL_UART_IRQHandler
 .text.HAL_UART_TxCpltCallback
                0x00000000080050bc       0x12 ./Drivers/STM32F1xx_HAL_Driver/Src/stm32f1xx_hal_uart.o
                0x00000000080050bc                HAL_UART_TxCpltCallback
 .text.HAL_UART_TxHalfCpltCallback
                0x00000000080050ce       0x12 ./Drivers/STM32F1xx_HAL_Driver/Src/stm32f1xx_hal_uart.o
                0x00000000080050ce                HAL_UART_TxHalfCpltCallback
 .text.HAL_UART_RxHalfCpltCallback
                0x00000000080050e0       0x12 ./Drivers/STM32F1xx_HAL_Driver/Src/stm32f1xx_hal_uart.o
                0x00000000080050e0                HAL_UART_RxHalfCpltCallback
 .text.UART_DMATransmitCplt
                0x00000000080050f2       0x52 ./Drivers/STM32F1xx_HAL_Driver/Src/stm32f1xx_hal_uart.o
 .text.UART_DMATxHalfCplt
                0x0000000008005144       0x1c ./Drivers/STM32F1xx_HAL_Driver/Src/stm32f1xx_hal_uart.o
 .text.UART_DMAReceiveCplt
                0x0000000008005160       0x68 ./Drivers/STM32F1xx_HAL_Driver/Src/stm32f1xx_hal_uart.o
 .text.UART_DMARxHalfCplt
                0x00000000080051c8       0x1c ./Drivers/STM32F1xx_HAL_Driver/Src/stm32f1xx_hal_uart.o
 .text.UART_DMAError
                0x00000000080051e4       0x94 ./Drivers/STM32F1xx_HAL_Driver/Src/stm32f1xx_hal_uart.o
 .text.UART_WaitOnFlagUntilTimeout
                0x0000000008005278       0x94 ./Drivers/STM32F1xx_HAL_Driver/Src/stm32f1xx_hal_uart.o
 .text.UART_EndTxTransfer
                0x000000000800530c       0x2a ./Drivers/STM32F1xx_HAL_Driver/Src/stm32f1xx_hal_uart.o
 .text.UART_EndRxTransfer
                0x0000000008005336       0x3a ./Drivers/STM32F1xx_HAL_Driver/Src/stm32f1xx_hal_uart.o
 .text.UART_DMAAbortOnError
                0x0000000008005370       0x28 ./Drivers/STM32F1xx_HAL_Driver/Src/stm32f1xx_hal_uart.o
 .text.UART_Transmit_IT
                0x0000000008005398       0x9e ./Drivers/STM32F1xx_HAL_Driver/Src/stm32f1xx_hal_uart.o
 .text.UART_EndTransmit_IT
                0x0000000008005436       0x30 ./Drivers/STM32F1xx_HAL_Driver/Src/stm32f1xx_hal_uart.o
 .text.UART_Receive_IT
                0x0000000008005466      0x100 ./Drivers/STM32F1xx_HAL_Driver/Src/stm32f1xx_hal_uart.o
 *fill*         0x0000000008005566        0x2 
 .text.UART_SetConfig
                0x0000000008005568      0x11c ./Drivers/STM32F1xx_HAL_Driver/Src/stm32f1xx_hal_uart.o
 .text.USB_CoreInit
                0x0000000008005684       0x20 ./Drivers/STM32F1xx_HAL_Driver/Src/stm32f1xx_ll_usb.o
                0x0000000008005684                USB_CoreInit
 .text.USB_EnableGlobalInt
                0x00000000080056a4       0x2c ./Drivers/STM32F1xx_HAL_Driver/Src/stm32f1xx_ll_usb.o
                0x00000000080056a4                USB_EnableGlobalInt
 .text.USB_DisableGlobalInt
                0x00000000080056d0       0x34 ./Drivers/STM32F1xx_HAL_Driver/Src/stm32f1xx_ll_usb.o
                0x00000000080056d0                USB_DisableGlobalInt
 .text.USB_SetCurrentMode
                0x0000000008005704       0x18 ./Drivers/STM32F1xx_HAL_Driver/Src/stm32f1xx_ll_usb.o
                0x0000000008005704                USB_SetCurrentMode
 .text.USB_DevInit
                0x000000000800571c       0x40 ./Drivers/STM32F1xx_HAL_Driver/Src/stm32f1xx_ll_usb.o
                0x000000000800571c                USB_DevInit
 .text.USB_ActivateEndpoint
                0x000000000800575c      0x6d4 ./Drivers/STM32F1xx_HAL_Driver/Src/stm32f1xx_ll_usb.o
                0x000000000800575c                USB_ActivateEndpoint
 .text.USB_DeactivateEndpoint
                0x0000000008005e30      0x3d8 ./Drivers/STM32F1xx_HAL_Driver/Src/stm32f1xx_ll_usb.o
                0x0000000008005e30                USB_DeactivateEndpoint
 .text.USB_EPStartXfer
                0x0000000008006208     0x1240 ./Drivers/STM32F1xx_HAL_Driver/Src/stm32f1xx_ll_usb.o
                0x0000000008006208                USB_EPStartXfer
 .text.USB_EPSetStall
                0x0000000008007448       0xa0 ./Drivers/STM32F1xx_HAL_Driver/Src/stm32f1xx_ll_usb.o
                0x0000000008007448                USB_EPSetStall
 .text.USB_EPClearStall
                0x00000000080074e8      0x15a ./Drivers/STM32F1xx_HAL_Driver/Src/stm32f1xx_ll_usb.o
                0x00000000080074e8                USB_EPClearStall
 .text.USB_SetDevAddress
                0x0000000008007642       0x26 ./Drivers/STM32F1xx_HAL_Driver/Src/stm32f1xx_ll_usb.o
                0x0000000008007642                USB_SetDevAddress
 .text.USB_DevConnect
                0x0000000008007668       0x14 ./Drivers/STM32F1xx_HAL_Driver/Src/stm32f1xx_ll_usb.o
                0x0000000008007668                USB_DevConnect
 .text.USB_DevDisconnect
                0x000000000800767c       0x14 ./Drivers/STM32F1xx_HAL_Driver/Src/stm32f1xx_ll_usb.o
                0x000000000800767c                USB_DevDisconnect
 .text.USB_ReadInterrupts
                0x0000000008007690       0x1e ./Drivers/STM32F1xx_HAL_Driver/Src/stm32f1xx_ll_usb.o
                0x0000000008007690                USB_ReadInterrupts
 .text.USB_EP0_OutStart
                0x00000000080076ae       0x16 ./Drivers/STM32F1xx_HAL_Driver/Src/stm32f1xx_ll_usb.o
                0x00000000080076ae                USB_EP0_OutStart
 .text.USB_WritePMA
                0x00000000080076c4       0x8a ./Drivers/STM32F1xx_HAL_Driver/Src/stm32f1xx_ll_usb.o
                0x00000000080076c4                USB_WritePMA
 .text.USB_ReadPMA
                0x000000000800774e       0x9e ./Drivers/STM32F1xx_HAL_Driver/Src/stm32f1xx_ll_usb.o
                0x000000000800774e                USB_ReadPMA
 .text.USBD_CDC_Init
                0x00000000080077ec       0xf4 ./Middlewares/ST/STM32_USB_Device_Library/Class/CDC/Src/usbd_cdc.o
 .text.USBD_CDC_DeInit
                0x00000000080078e0       0x6e ./Middlewares/ST/STM32_USB_Device_Library/Class/CDC/Src/usbd_cdc.o
 .text.USBD_CDC_Setup
                0x000000000800794e      0x146 ./Middlewares/ST/STM32_USB_Device_Library/Class/CDC/Src/usbd_cdc.o
 .text.USBD_CDC_DataIn
                0x0000000008007a94       0xa6 ./Middlewares/ST/STM32_USB_Device_Library/Class/CDC/Src/usbd_cdc.o
 .text.USBD_CDC_DataOut
                0x0000000008007b3a       0x56 ./Middlewares/ST/STM32_USB_Device_Library/Class/CDC/Src/usbd_cdc.o
 .text.USBD_CDC_EP0_RxReady
                0x0000000008007b90       0x50 ./Middlewares/ST/STM32_USB_Device_Library/Class/CDC/Src/usbd_cdc.o
 .text.USBD_CDC_GetFSCfgDesc
                0x0000000008007be0       0x20 ./Middlewares/ST/STM32_USB_Device_Library/Class/CDC/Src/usbd_cdc.o
 .text.USBD_CDC_GetHSCfgDesc
                0x0000000008007c00       0x20 ./Middlewares/ST/STM32_USB_Device_Library/Class/CDC/Src/usbd_cdc.o
 .text.USBD_CDC_GetOtherSpeedCfgDesc
                0x0000000008007c20       0x20 ./Middlewares/ST/STM32_USB_Device_Library/Class/CDC/Src/usbd_cdc.o
 .text.USBD_CDC_GetDeviceQualifierDescriptor
                0x0000000008007c40       0x20 ./Middlewares/ST/STM32_USB_Device_Library/Class/CDC/Src/usbd_cdc.o
                0x0000000008007c40                USBD_CDC_GetDeviceQualifierDescriptor
 .text.USBD_CDC_RegisterInterface
                0x0000000008007c60       0x2c ./Middlewares/ST/STM32_USB_Device_Library/Class/CDC/Src/usbd_cdc.o
                0x0000000008007c60                USBD_CDC_RegisterInterface
 .text.USBD_CDC_SetTxBuffer
                0x0000000008007c8c       0x32 ./Middlewares/ST/STM32_USB_Device_Library/Class/CDC/Src/usbd_cdc.o
                0x0000000008007c8c                USBD_CDC_SetTxBuffer
 .text.USBD_CDC_SetRxBuffer
                0x0000000008007cbe       0x26 ./Middlewares/ST/STM32_USB_Device_Library/Class/CDC/Src/usbd_cdc.o
                0x0000000008007cbe                USBD_CDC_SetRxBuffer
 .text.USBD_CDC_TransmitPacket
                0x0000000008007ce4       0x5e ./Middlewares/ST/STM32_USB_Device_Library/Class/CDC/Src/usbd_cdc.o
                0x0000000008007ce4                USBD_CDC_TransmitPacket
 .text.USBD_CDC_ReceivePacket
                0x0000000008007d42       0x54 ./Middlewares/ST/STM32_USB_Device_Library/Class/CDC/Src/usbd_cdc.o
                0x0000000008007d42                USBD_CDC_ReceivePacket
 .text.USBD_Init
                0x0000000008007d96       0x56 ./Middlewares/ST/STM32_USB_Device_Library/Core/Src/usbd_core.o
                0x0000000008007d96                USBD_Init
 .text.USBD_RegisterClass
                0x0000000008007dec       0x32 ./Middlewares/ST/STM32_USB_Device_Library/Core/Src/usbd_core.o
                0x0000000008007dec                USBD_RegisterClass
 .text.USBD_Start
                0x0000000008007e1e       0x18 ./Middlewares/ST/STM32_USB_Device_Library/Core/Src/usbd_core.o
                0x0000000008007e1e                USBD_Start
 .text.USBD_RunTestMode
                0x0000000008007e36       0x14 ./Middlewares/ST/STM32_USB_Device_Library/Core/Src/usbd_core.o
                0x0000000008007e36                USBD_RunTestMode
 .text.USBD_SetClassConfig
                0x0000000008007e4a       0x3e ./Middlewares/ST/STM32_USB_Device_Library/Core/Src/usbd_core.o
                0x0000000008007e4a                USBD_SetClassConfig
 .text.USBD_ClrClassConfig
                0x0000000008007e88       0x26 ./Middlewares/ST/STM32_USB_Device_Library/Core/Src/usbd_core.o
                0x0000000008007e88                USBD_ClrClassConfig
 .text.USBD_LL_SetupStage
                0x0000000008007eae       0x9a ./Middlewares/ST/STM32_USB_Device_Library/Core/Src/usbd_core.o
                0x0000000008007eae                USBD_LL_SetupStage
 .text.USBD_LL_DataOutStage
                0x0000000008007f48       0xe2 ./Middlewares/ST/STM32_USB_Device_Library/Core/Src/usbd_core.o
                0x0000000008007f48                USBD_LL_DataOutStage
 .text.USBD_LL_DataInStage
                0x000000000800802a      0x14a ./Middlewares/ST/STM32_USB_Device_Library/Core/Src/usbd_core.o
                0x000000000800802a                USBD_LL_DataInStage
 .text.USBD_LL_Reset
                0x0000000008008174       0x82 ./Middlewares/ST/STM32_USB_Device_Library/Core/Src/usbd_core.o
                0x0000000008008174                USBD_LL_Reset
 .text.USBD_LL_SetSpeed
                0x00000000080081f6       0x1e ./Middlewares/ST/STM32_USB_Device_Library/Core/Src/usbd_core.o
                0x00000000080081f6                USBD_LL_SetSpeed
 .text.USBD_LL_Suspend
                0x0000000008008214       0x28 ./Middlewares/ST/STM32_USB_Device_Library/Core/Src/usbd_core.o
                0x0000000008008214                USBD_LL_Suspend
 .text.USBD_LL_Resume
                0x000000000800823c       0x2a ./Middlewares/ST/STM32_USB_Device_Library/Core/Src/usbd_core.o
                0x000000000800823c                USBD_LL_Resume
 .text.USBD_LL_SOF
                0x0000000008008266       0x34 ./Middlewares/ST/STM32_USB_Device_Library/Core/Src/usbd_core.o
                0x0000000008008266                USBD_LL_SOF
 *fill*         0x000000000800829a        0x2 
 .text.USBD_StdDevReq
                0x000000000800829c       0xd4 ./Middlewares/ST/STM32_USB_Device_Library/Core/Src/usbd_ctlreq.o
                0x000000000800829c                USBD_StdDevReq
 .text.USBD_StdItfReq
                0x0000000008008370       0x90 ./Middlewares/ST/STM32_USB_Device_Library/Core/Src/usbd_ctlreq.o
                0x0000000008008370                USBD_StdItfReq
 .text.USBD_StdEPReq
                0x0000000008008400      0x2c6 ./Middlewares/ST/STM32_USB_Device_Library/Core/Src/usbd_ctlreq.o
                0x0000000008008400                USBD_StdEPReq
 *fill*         0x00000000080086c6        0x2 
 .text.USBD_GetDescriptor
                0x00000000080086c8      0x2d0 ./Middlewares/ST/STM32_USB_Device_Library/Core/Src/usbd_ctlreq.o
 .text.USBD_SetAddress
                0x0000000008008998       0x86 ./Middlewares/ST/STM32_USB_Device_Library/Core/Src/usbd_ctlreq.o
 *fill*         0x0000000008008a1e        0x2 
 .text.USBD_SetConfig
                0x0000000008008a20      0x11c ./Middlewares/ST/STM32_USB_Device_Library/Core/Src/usbd_ctlreq.o
 .text.USBD_GetConfig
                0x0000000008008b3c       0x6a ./Middlewares/ST/STM32_USB_Device_Library/Core/Src/usbd_ctlreq.o
 .text.USBD_GetStatus
                0x0000000008008ba6       0x66 ./Middlewares/ST/STM32_USB_Device_Library/Core/Src/usbd_ctlreq.o
 .text.USBD_SetFeature
                0x0000000008008c0c       0x28 ./Middlewares/ST/STM32_USB_Device_Library/Core/Src/usbd_ctlreq.o
 .text.USBD_ClrFeature
                0x0000000008008c34       0x42 ./Middlewares/ST/STM32_USB_Device_Library/Core/Src/usbd_ctlreq.o
 .text.USBD_ParseSetupRequest
                0x0000000008008c76       0x78 ./Middlewares/ST/STM32_USB_Device_Library/Core/Src/usbd_ctlreq.o
                0x0000000008008c76                USBD_ParseSetupRequest
 .text.USBD_CtlError
                0x0000000008008cee       0x22 ./Middlewares/ST/STM32_USB_Device_Library/Core/Src/usbd_ctlreq.o
                0x0000000008008cee                USBD_CtlError
 .text.USBD_GetString
                0x0000000008008d10       0x84 ./Middlewares/ST/STM32_USB_Device_Library/Core/Src/usbd_ctlreq.o
                0x0000000008008d10                USBD_GetString
 .text.USBD_GetLen
                0x0000000008008d94       0x2e ./Middlewares/ST/STM32_USB_Device_Library/Core/Src/usbd_ctlreq.o
 .text.USBD_CtlSendData
                0x0000000008008dc2       0x38 ./Middlewares/ST/STM32_USB_Device_Library/Core/Src/usbd_ioreq.o
                0x0000000008008dc2                USBD_CtlSendData
 .text.USBD_CtlContinueSendData
                0x0000000008008dfa       0x24 ./Middlewares/ST/STM32_USB_Device_Library/Core/Src/usbd_ioreq.o
                0x0000000008008dfa                USBD_CtlContinueSendData
 .text.USBD_CtlPrepareRx
                0x0000000008008e1e       0x3c ./Middlewares/ST/STM32_USB_Device_Library/Core/Src/usbd_ioreq.o
                0x0000000008008e1e                USBD_CtlPrepareRx
 .text.USBD_CtlContinueRx
                0x0000000008008e5a       0x24 ./Middlewares/ST/STM32_USB_Device_Library/Core/Src/usbd_ioreq.o
                0x0000000008008e5a                USBD_CtlContinueRx
 .text.USBD_CtlSendStatus
                0x0000000008008e7e       0x26 ./Middlewares/ST/STM32_USB_Device_Library/Core/Src/usbd_ioreq.o
                0x0000000008008e7e                USBD_CtlSendStatus
 .text.USBD_CtlReceiveStatus
                0x0000000008008ea4       0x26 ./Middlewares/ST/STM32_USB_Device_Library/Core/Src/usbd_ioreq.o
                0x0000000008008ea4                USBD_CtlReceiveStatus
 *fill*         0x0000000008008eca        0x2 
 .text.USB_Plug_Init
                0x0000000008008ecc       0x7c ./USB_DEVICE/App/usb_device.o
                0x0000000008008ecc                USB_Plug_Init
 .text.MX_USB_DEVICE_Init
                0x0000000008008f48       0x64 ./USB_DEVICE/App/usb_device.o
                0x0000000008008f48                MX_USB_DEVICE_Init
 .text.CDC_Init_FS
                0x0000000008008fac       0x28 ./USB_DEVICE/App/usbd_cdc_if.o
 .text.CDC_DeInit_FS
                0x0000000008008fd4        0xe ./USB_DEVICE/App/usbd_cdc_if.o
 *fill*         0x0000000008008fe2        0x2 
 .text.CDC_Control_FS
                0x0000000008008fe4       0xbc ./USB_DEVICE/App/usbd_cdc_if.o
 .text.CDC_Receive_FS
                0x00000000080090a0       0x84 ./USB_DEVICE/App/usbd_cdc_if.o
 .text.CDC_Transmit_FS
                0x0000000008009124       0x4c ./USB_DEVICE/App/usbd_cdc_if.o
                0x0000000008009124                CDC_Transmit_FS
 .text.USBD_FS_DeviceDescriptor
                0x0000000008009170       0x24 ./USB_DEVICE/App/usbd_desc.o
                0x0000000008009170                USBD_FS_DeviceDescriptor
 .text.USBD_FS_LangIDStrDescriptor
                0x0000000008009194       0x24 ./USB_DEVICE/App/usbd_desc.o
                0x0000000008009194                USBD_FS_LangIDStrDescriptor
 .text.USBD_FS_ProductStrDescriptor
                0x00000000080091b8       0x3c ./USB_DEVICE/App/usbd_desc.o
                0x00000000080091b8                USBD_FS_ProductStrDescriptor
 .text.USBD_FS_ManufacturerStrDescriptor
                0x00000000080091f4       0x28 ./USB_DEVICE/App/usbd_desc.o
                0x00000000080091f4                USBD_FS_ManufacturerStrDescriptor
 .text.USBD_FS_SerialStrDescriptor
                0x000000000800921c       0x24 ./USB_DEVICE/App/usbd_desc.o
                0x000000000800921c                USBD_FS_SerialStrDescriptor
 .text.USBD_FS_ConfigStrDescriptor
                0x0000000008009240       0x3c ./USB_DEVICE/App/usbd_desc.o
                0x0000000008009240                USBD_FS_ConfigStrDescriptor
 .text.USBD_FS_InterfaceStrDescriptor
                0x000000000800927c       0x3c ./USB_DEVICE/App/usbd_desc.o
                0x000000000800927c                USBD_FS_InterfaceStrDescriptor
 .text.Get_SerialNum
                0x00000000080092b8       0x58 ./USB_DEVICE/App/usbd_desc.o
 .text.IntToUnicode
                0x0000000008009310       0x7c ./USB_DEVICE/App/usbd_desc.o
 .text.HAL_PCD_MspInit
                0x000000000800938c       0x5c ./USB_DEVICE/Target/usbd_conf.o
                0x000000000800938c                HAL_PCD_MspInit
 .text.HAL_PCD_SetupStageCallback
                0x00000000080093e8       0x24 ./USB_DEVICE/Target/usbd_conf.o
                0x00000000080093e8                HAL_PCD_SetupStageCallback
 .text.HAL_PCD_DataOutStageCallback
                0x000000000800940c       0x36 ./USB_DEVICE/Target/usbd_conf.o
                0x000000000800940c                HAL_PCD_DataOutStageCallback
 .text.HAL_PCD_DataInStageCallback
                0x0000000008009442       0x34 ./USB_DEVICE/Target/usbd_conf.o
                0x0000000008009442                HAL_PCD_DataInStageCallback
 .text.HAL_PCD_SOFCallback
                0x0000000008009476       0x1c ./USB_DEVICE/Target/usbd_conf.o
                0x0000000008009476                HAL_PCD_SOFCallback
 .text.HAL_PCD_ResetCallback
                0x0000000008009492       0x3c ./USB_DEVICE/Target/usbd_conf.o
                0x0000000008009492                HAL_PCD_ResetCallback
 *fill*         0x00000000080094ce        0x2 
 .text.HAL_PCD_SuspendCallback
                0x00000000080094d0       0x34 ./USB_DEVICE/Target/usbd_conf.o
                0x00000000080094d0                HAL_PCD_SuspendCallback
 .text.HAL_PCD_ResumeCallback
                0x0000000008009504       0x1c ./USB_DEVICE/Target/usbd_conf.o
                0x0000000008009504                HAL_PCD_ResumeCallback
 .text.USBD_LL_Init
                0x0000000008009520       0xb4 ./USB_DEVICE/Target/usbd_conf.o
                0x0000000008009520                USBD_LL_Init
 .text.USBD_LL_Start
                0x00000000080095d4       0x36 ./USB_DEVICE/Target/usbd_conf.o
                0x00000000080095d4                USBD_LL_Start
 .text.USBD_LL_OpenEP
                0x000000000800960a       0x4c ./USB_DEVICE/Target/usbd_conf.o
                0x000000000800960a                USBD_LL_OpenEP
 .text.USBD_LL_CloseEP
                0x0000000008009656       0x3e ./USB_DEVICE/Target/usbd_conf.o
                0x0000000008009656                USBD_LL_CloseEP
 .text.USBD_LL_StallEP
                0x0000000008009694       0x3e ./USB_DEVICE/Target/usbd_conf.o
                0x0000000008009694                USBD_LL_StallEP
 .text.USBD_LL_ClearStallEP
                0x00000000080096d2       0x3e ./USB_DEVICE/Target/usbd_conf.o
                0x00000000080096d2                USBD_LL_ClearStallEP
 .text.USBD_LL_IsStallEP
                0x0000000008009710       0x58 ./USB_DEVICE/Target/usbd_conf.o
                0x0000000008009710                USBD_LL_IsStallEP
 .text.USBD_LL_SetUSBAddress
                0x0000000008009768       0x3e ./USB_DEVICE/Target/usbd_conf.o
                0x0000000008009768                USBD_LL_SetUSBAddress
 .text.USBD_LL_Transmit
                0x00000000080097a6       0x46 ./USB_DEVICE/Target/usbd_conf.o
                0x00000000080097a6                USBD_LL_Transmit
 .text.USBD_LL_PrepareReceive
                0x00000000080097ec       0x46 ./USB_DEVICE/Target/usbd_conf.o
                0x00000000080097ec                USBD_LL_PrepareReceive
 .text.USBD_LL_GetRxDataSize
                0x0000000008009832       0x26 ./USB_DEVICE/Target/usbd_conf.o
                0x0000000008009832                USBD_LL_GetRxDataSize
 .text.USBD_static_malloc
                0x0000000008009858       0x18 ./USB_DEVICE/Target/usbd_conf.o
                0x0000000008009858                USBD_static_malloc
 .text.USBD_static_free
                0x0000000008009870       0x12 ./USB_DEVICE/Target/usbd_conf.o
                0x0000000008009870                USBD_static_free
 .text.HAL_PCDEx_SetConnectionState
                0x0000000008009882       0x16 ./USB_DEVICE/Target/usbd_conf.o
                0x0000000008009882                HAL_PCDEx_SetConnectionState
 .text.USBD_Get_USB_Status
                0x0000000008009898       0x58 ./USB_DEVICE/Target/usbd_conf.o
 .text.__errno  0x00000000080098f0        0xc d:/stm32cubeide_1.7.0/stm32cubeide/plugins/com.st.stm32cube.ide.mcu.externaltools.gnu-tools-for-stm32.9-2020-q2-update.win32_2.0.0.202105311346/tools/bin/../lib/gcc/arm-none-eabi/9.3.1/../../../../arm-none-eabi/lib/thumb/v7-m/nofp\libc_nano.a(lib_a-errno.o)
                0x00000000080098f0                __errno
 .text.__libc_init_array
                0x00000000080098fc       0x48 d:/stm32cubeide_1.7.0/stm32cubeide/plugins/com.st.stm32cube.ide.mcu.externaltools.gnu-tools-for-stm32.9-2020-q2-update.win32_2.0.0.202105311346/tools/bin/../lib/gcc/arm-none-eabi/9.3.1/../../../../arm-none-eabi/lib/thumb/v7-m/nofp\libc_nano.a(lib_a-init.o)
                0x00000000080098fc                __libc_init_array
 .text.memset   0x0000000008009944       0x10 d:/stm32cubeide_1.7.0/stm32cubeide/plugins/com.st.stm32cube.ide.mcu.externaltools.gnu-tools-for-stm32.9-2020-q2-update.win32_2.0.0.202105311346/tools/bin/../lib/gcc/arm-none-eabi/9.3.1/../../../../arm-none-eabi/lib/thumb/v7-m/nofp\libc_nano.a(lib_a-memset.o)
                0x0000000008009944                memset
 .text.sprintf  0x0000000008009954       0x40 d:/stm32cubeide_1.7.0/stm32cubeide/plugins/com.st.stm32cube.ide.mcu.externaltools.gnu-tools-for-stm32.9-2020-q2-update.win32_2.0.0.202105311346/tools/bin/../lib/gcc/arm-none-eabi/9.3.1/../../../../arm-none-eabi/lib/thumb/v7-m/nofp\libc_nano.a(lib_a-sprintf.o)
                0x0000000008009954                siprintf
                0x0000000008009954                sprintf
 .text.strcpy   0x0000000008009994       0x10 d:/stm32cubeide_1.7.0/stm32cubeide/plugins/com.st.stm32cube.ide.mcu.externaltools.gnu-tools-for-stm32.9-2020-q2-update.win32_2.0.0.202105311346/tools/bin/../lib/gcc/arm-none-eabi/9.3.1/../../../../arm-none-eabi/lib/thumb/v7-m/nofp\libc_nano.a(lib_a-strcpy.o)
                0x0000000008009994                strcpy
 .text.__ssputs_r
                0x00000000080099a4       0xb6 d:/stm32cubeide_1.7.0/stm32cubeide/plugins/com.st.stm32cube.ide.mcu.externaltools.gnu-tools-for-stm32.9-2020-q2-update.win32_2.0.0.202105311346/tools/bin/../lib/gcc/arm-none-eabi/9.3.1/../../../../arm-none-eabi/lib/thumb/v7-m/nofp\libc_nano.a(lib_a-nano-svfprintf.o)
                0x00000000080099a4                __ssputs_r
 *fill*         0x0000000008009a5a        0x2 
 .text._svfprintf_r
                0x0000000008009a5c      0x200 d:/stm32cubeide_1.7.0/stm32cubeide/plugins/com.st.stm32cube.ide.mcu.externaltools.gnu-tools-for-stm32.9-2020-q2-update.win32_2.0.0.202105311346/tools/bin/../lib/gcc/arm-none-eabi/9.3.1/../../../../arm-none-eabi/lib/thumb/v7-m/nofp\libc_nano.a(lib_a-nano-svfprintf.o)
                0x0000000008009a5c                _svfiprintf_r
                0x0000000008009a5c                _svfprintf_r
 .text._printf_common
                0x0000000008009c5c       0xde d:/stm32cubeide_1.7.0/stm32cubeide/plugins/com.st.stm32cube.ide.mcu.externaltools.gnu-tools-for-stm32.9-2020-q2-update.win32_2.0.0.202105311346/tools/bin/../lib/gcc/arm-none-eabi/9.3.1/../../../../arm-none-eabi/lib/thumb/v7-m/nofp\libc_nano.a(lib_a-nano-vfprintf_i.o)
                0x0000000008009c5c                _printf_common
 *fill*         0x0000000008009d3a        0x2 
 .text._printf_i
                0x0000000008009d3c      0x24c d:/stm32cubeide_1.7.0/stm32cubeide/plugins/com.st.stm32cube.ide.mcu.externaltools.gnu-tools-for-stm32.9-2020-q2-update.win32_2.0.0.202105311346/tools/bin/../lib/gcc/arm-none-eabi/9.3.1/../../../../arm-none-eabi/lib/thumb/v7-m/nofp\libc_nano.a(lib_a-nano-vfprintf_i.o)
                0x0000000008009d3c                _printf_i
 .text.memchr   0x0000000008009f88       0x1c d:/stm32cubeide_1.7.0/stm32cubeide/plugins/com.st.stm32cube.ide.mcu.externaltools.gnu-tools-for-stm32.9-2020-q2-update.win32_2.0.0.202105311346/tools/bin/../lib/gcc/arm-none-eabi/9.3.1/../../../../arm-none-eabi/lib/thumb/v7-m/nofp\libc_nano.a(lib_a-memchr-stub.o)
                0x0000000008009f88                memchr
 .text.memcpy   0x0000000008009fa4       0x1c d:/stm32cubeide_1.7.0/stm32cubeide/plugins/com.st.stm32cube.ide.mcu.externaltools.gnu-tools-for-stm32.9-2020-q2-update.win32_2.0.0.202105311346/tools/bin/../lib/gcc/arm-none-eabi/9.3.1/../../../../arm-none-eabi/lib/thumb/v7-m/nofp\libc_nano.a(lib_a-memcpy-stub.o)
                0x0000000008009fa4                memcpy
 .text.memmove  0x0000000008009fc0       0x34 d:/stm32cubeide_1.7.0/stm32cubeide/plugins/com.st.stm32cube.ide.mcu.externaltools.gnu-tools-for-stm32.9-2020-q2-update.win32_2.0.0.202105311346/tools/bin/../lib/gcc/arm-none-eabi/9.3.1/../../../../arm-none-eabi/lib/thumb/v7-m/nofp\libc_nano.a(lib_a-memmove.o)
                0x0000000008009fc0                memmove
 .text._free_r  0x0000000008009ff4       0x98 d:/stm32cubeide_1.7.0/stm32cubeide/plugins/com.st.stm32cube.ide.mcu.externaltools.gnu-tools-for-stm32.9-2020-q2-update.win32_2.0.0.202105311346/tools/bin/../lib/gcc/arm-none-eabi/9.3.1/../../../../arm-none-eabi/lib/thumb/v7-m/nofp\libc_nano.a(lib_a-nano-freer.o)
                0x0000000008009ff4                _free_r
 .text._malloc_r
                0x000000000800a08c       0xb4 d:/stm32cubeide_1.7.0/stm32cubeide/plugins/com.st.stm32cube.ide.mcu.externaltools.gnu-tools-for-stm32.9-2020-q2-update.win32_2.0.0.202105311346/tools/bin/../lib/gcc/arm-none-eabi/9.3.1/../../../../arm-none-eabi/lib/thumb/v7-m/nofp\libc_nano.a(lib_a-nano-mallocr.o)
                0x000000000800a08c                _malloc_r
 .text._realloc_r
                0x000000000800a140       0x4c d:/stm32cubeide_1.7.0/stm32cubeide/plugins/com.st.stm32cube.ide.mcu.externaltools.gnu-tools-for-stm32.9-2020-q2-update.win32_2.0.0.202105311346/tools/bin/../lib/gcc/arm-none-eabi/9.3.1/../../../../arm-none-eabi/lib/thumb/v7-m/nofp\libc_nano.a(lib_a-nano-reallocr.o)
                0x000000000800a140                _realloc_r
 .text._sbrk_r  0x000000000800a18c       0x20 d:/stm32cubeide_1.7.0/stm32cubeide/plugins/com.st.stm32cube.ide.mcu.externaltools.gnu-tools-for-stm32.9-2020-q2-update.win32_2.0.0.202105311346/tools/bin/../lib/gcc/arm-none-eabi/9.3.1/../../../../arm-none-eabi/lib/thumb/v7-m/nofp\libc_nano.a(lib_a-sbrkr.o)
                0x000000000800a18c                _sbrk_r
 .text.__malloc_lock
                0x000000000800a1ac        0xc d:/stm32cubeide_1.7.0/stm32cubeide/plugins/com.st.stm32cube.ide.mcu.externaltools.gnu-tools-for-stm32.9-2020-q2-update.win32_2.0.0.202105311346/tools/bin/../lib/gcc/arm-none-eabi/9.3.1/../../../../arm-none-eabi/lib/thumb/v7-m/nofp\libc_nano.a(lib_a-mlock.o)
                0x000000000800a1ac                __malloc_lock
 .text.__malloc_unlock
                0x000000000800a1b8        0xc d:/stm32cubeide_1.7.0/stm32cubeide/plugins/com.st.stm32cube.ide.mcu.externaltools.gnu-tools-for-stm32.9-2020-q2-update.win32_2.0.0.202105311346/tools/bin/../lib/gcc/arm-none-eabi/9.3.1/../../../../arm-none-eabi/lib/thumb/v7-m/nofp\libc_nano.a(lib_a-mlock.o)
                0x000000000800a1b8                __malloc_unlock
 .text._malloc_usable_size_r
                0x000000000800a1c4       0x10 d:/stm32cubeide_1.7.0/stm32cubeide/plugins/com.st.stm32cube.ide.mcu.externaltools.gnu-tools-for-stm32.9-2020-q2-update.win32_2.0.0.202105311346/tools/bin/../lib/gcc/arm-none-eabi/9.3.1/../../../../arm-none-eabi/lib/thumb/v7-m/nofp\libc_nano.a(lib_a-nano-msizer.o)
                0x000000000800a1c4                _malloc_usable_size_r
 .text.__retarget_lock_acquire_recursive
                0x000000000800a1d4        0x2 d:/stm32cubeide_1.7.0/stm32cubeide/plugins/com.st.stm32cube.ide.mcu.externaltools.gnu-tools-for-stm32.9-2020-q2-update.win32_2.0.0.202105311346/tools/bin/../lib/gcc/arm-none-eabi/9.3.1/../../../../arm-none-eabi/lib/thumb/v7-m/nofp\libc_nano.a(lib_a-lock.o)
                0x000000000800a1d4                __retarget_lock_acquire_recursive
 .text.__retarget_lock_release_recursive
                0x000000000800a1d6        0x2 d:/stm32cubeide_1.7.0/stm32cubeide/plugins/com.st.stm32cube.ide.mcu.externaltools.gnu-tools-for-stm32.9-2020-q2-update.win32_2.0.0.202105311346/tools/bin/../lib/gcc/arm-none-eabi/9.3.1/../../../../arm-none-eabi/lib/thumb/v7-m/nofp\libc_nano.a(lib_a-lock.o)
                0x000000000800a1d6                __retarget_lock_release_recursive
 *(.glue_7)
 .glue_7        0x000000000800a1d8        0x0 linker stubs
 *(.glue_7t)
 .glue_7t       0x000000000800a1d8        0x0 linker stubs
 *(.eh_frame)
 .eh_frame      0x000000000800a1d8        0x0 d:/stm32cubeide_1.7.0/stm32cubeide/plugins/com.st.stm32cube.ide.mcu.externaltools.gnu-tools-for-stm32.9-2020-q2-update.win32_2.0.0.202105311346/tools/bin/../lib/gcc/arm-none-eabi/9.3.1/thumb/v7-m/nofp/crtbegin.o
 *(.init)
 .init          0x000000000800a1d8        0x4 d:/stm32cubeide_1.7.0/stm32cubeide/plugins/com.st.stm32cube.ide.mcu.externaltools.gnu-tools-for-stm32.9-2020-q2-update.win32_2.0.0.202105311346/tools/bin/../lib/gcc/arm-none-eabi/9.3.1/thumb/v7-m/nofp/crti.o
                0x000000000800a1d8                _init
 .init          0x000000000800a1dc        0x8 d:/stm32cubeide_1.7.0/stm32cubeide/plugins/com.st.stm32cube.ide.mcu.externaltools.gnu-tools-for-stm32.9-2020-q2-update.win32_2.0.0.202105311346/tools/bin/../lib/gcc/arm-none-eabi/9.3.1/thumb/v7-m/nofp/crtn.o
 *(.fini)
 .fini          0x000000000800a1e4        0x4 d:/stm32cubeide_1.7.0/stm32cubeide/plugins/com.st.stm32cube.ide.mcu.externaltools.gnu-tools-for-stm32.9-2020-q2-update.win32_2.0.0.202105311346/tools/bin/../lib/gcc/arm-none-eabi/9.3.1/thumb/v7-m/nofp/crti.o
                0x000000000800a1e4                _fini
 .fini          0x000000000800a1e8        0x8 d:/stm32cubeide_1.7.0/stm32cubeide/plugins/com.st.stm32cube.ide.mcu.externaltools.gnu-tools-for-stm32.9-2020-q2-update.win32_2.0.0.202105311346/tools/bin/../lib/gcc/arm-none-eabi/9.3.1/thumb/v7-m/nofp/crtn.o
                0x000000000800a1f0                . = ALIGN (0x4)
                0x000000000800a1f0                _etext = .

.vfp11_veneer   0x000000000800a1f0        0x0
 .vfp11_veneer  0x000000000800a1f0        0x0 linker stubs

.v4_bx          0x000000000800a1f0        0x0
 .v4_bx         0x000000000800a1f0        0x0 linker stubs

.iplt           0x000000000800a1f0        0x0
 .iplt          0x000000000800a1f0        0x0 d:/stm32cubeide_1.7.0/stm32cubeide/plugins/com.st.stm32cube.ide.mcu.externaltools.gnu-tools-for-stm32.9-2020-q2-update.win32_2.0.0.202105311346/tools/bin/../lib/gcc/arm-none-eabi/9.3.1/thumb/v7-m/nofp/crtbegin.o

.rodata         0x000000000800a1f0      0x1e8
                0x000000000800a1f0                . = ALIGN (0x4)
 *(.rodata)
 .rodata        0x000000000800a1f0       0x23 ./Core/Src/DHT22.o
 *fill*         0x000000000800a213        0x1 
 .rodata        0x000000000800a214      0x11d ./Core/Src/ESP8266.o
 *fill*         0x000000000800a331        0x3 
 .rodata        0x000000000800a334       0x10 ./Drivers/STM32F1xx_HAL_Driver/Src/stm32f1xx_hal_rcc.o
 .rodata        0x000000000800a344       0x46 ./USB_DEVICE/App/usbd_desc.o
 *(.rodata*)
 *fill*         0x000000000800a38a        0x2 
 .rodata.AHBPrescTable
                0x000000000800a38c       0x10 ./Core/Src/system_stm32f1xx.o
                0x000000000800a38c                AHBPrescTable
 .rodata.APBPrescTable
                0x000000000800a39c        0x8 ./Core/Src/system_stm32f1xx.o
                0x000000000800a39c                APBPrescTable
 .rodata._svfprintf_r.str1.1
                0x000000000800a3a4       0x11 d:/stm32cubeide_1.7.0/stm32cubeide/plugins/com.st.stm32cube.ide.mcu.externaltools.gnu-tools-for-stm32.9-2020-q2-update.win32_2.0.0.202105311346/tools/bin/../lib/gcc/arm-none-eabi/9.3.1/../../../../arm-none-eabi/lib/thumb/v7-m/nofp\libc_nano.a(lib_a-nano-svfprintf.o)
 .rodata._printf_i.str1.1
                0x000000000800a3b5       0x22 d:/stm32cubeide_1.7.0/stm32cubeide/plugins/com.st.stm32cube.ide.mcu.externaltools.gnu-tools-for-stm32.9-2020-q2-update.win32_2.0.0.202105311346/tools/bin/../lib/gcc/arm-none-eabi/9.3.1/../../../../arm-none-eabi/lib/thumb/v7-m/nofp\libc_nano.a(lib_a-nano-vfprintf_i.o)
                0x000000000800a3d8                . = ALIGN (0x4)
 *fill*         0x000000000800a3d7        0x1 

.rel.dyn        0x000000000800a3d8        0x0
 .rel.iplt      0x000000000800a3d8        0x0 d:/stm32cubeide_1.7.0/stm32cubeide/plugins/com.st.stm32cube.ide.mcu.externaltools.gnu-tools-for-stm32.9-2020-q2-update.win32_2.0.0.202105311346/tools/bin/../lib/gcc/arm-none-eabi/9.3.1/thumb/v7-m/nofp/crtbegin.o

.ARM.extab      0x000000000800a3d8        0x0
                0x000000000800a3d8                . = ALIGN (0x4)
 *(.ARM.extab* .gnu.linkonce.armextab.*)
                0x000000000800a3d8                . = ALIGN (0x4)

.ARM            0x000000000800a3d8        0x0
                0x000000000800a3d8                . = ALIGN (0x4)
                0x000000000800a3d8                __exidx_start = .
 *(.ARM.exidx*)
                0x000000000800a3d8                __exidx_end = .
                0x000000000800a3d8                . = ALIGN (0x4)

.preinit_array  0x000000000800a3d8        0x0
                0x000000000800a3d8                . = ALIGN (0x4)
                0x000000000800a3d8                PROVIDE (__preinit_array_start = .)
 *(.preinit_array*)
                0x000000000800a3d8                PROVIDE (__preinit_array_end = .)
                0x000000000800a3d8                . = ALIGN (0x4)

.init_array     0x000000000800a3d8        0x4
                0x000000000800a3d8                . = ALIGN (0x4)
                0x000000000800a3d8                PROVIDE (__init_array_start = .)
 *(SORT_BY_NAME(.init_array.*))
 *(.init_array*)
 .init_array    0x000000000800a3d8        0x4 d:/stm32cubeide_1.7.0/stm32cubeide/plugins/com.st.stm32cube.ide.mcu.externaltools.gnu-tools-for-stm32.9-2020-q2-update.win32_2.0.0.202105311346/tools/bin/../lib/gcc/arm-none-eabi/9.3.1/thumb/v7-m/nofp/crtbegin.o
                0x000000000800a3dc                PROVIDE (__init_array_end = .)
                0x000000000800a3dc                . = ALIGN (0x4)

.fini_array     0x000000000800a3dc        0x4
                0x000000000800a3dc                . = ALIGN (0x4)
                [!provide]                        PROVIDE (__fini_array_start = .)
 *(SORT_BY_NAME(.fini_array.*))
 *(.fini_array*)
 .fini_array    0x000000000800a3dc        0x4 d:/stm32cubeide_1.7.0/stm32cubeide/plugins/com.st.stm32cube.ide.mcu.externaltools.gnu-tools-for-stm32.9-2020-q2-update.win32_2.0.0.202105311346/tools/bin/../lib/gcc/arm-none-eabi/9.3.1/thumb/v7-m/nofp/crtbegin.o
                [!provide]                        PROVIDE (__fini_array_end = .)
                0x000000000800a3e0                . = ALIGN (0x4)
                0x000000000800a3e0                _sidata = LOADADDR (.data)

.data           0x0000000020000000      0x1ec load address 0x000000000800a3e0
                0x0000000020000000                . = ALIGN (0x4)
                0x0000000020000000                _sdata = .
 *(.data)
 *(.data*)
 .data.AT_Reset
                0x0000000020000000        0x9 ./Core/Src/ESP8266.o
                0x0000000020000000                AT_Reset
 *fill*         0x0000000020000009        0x3 
 .data.SystemCoreClock
                0x000000002000000c        0x4 ./Core/Src/system_stm32f1xx.o
                0x000000002000000c                SystemCoreClock
 .data.uwTickPrio
                0x0000000020000010        0x4 ./Drivers/STM32F1xx_HAL_Driver/Src/stm32f1xx_hal.o
                0x0000000020000010                uwTickPrio
 .data.uwTickFreq
                0x0000000020000014        0x1 ./Drivers/STM32F1xx_HAL_Driver/Src/stm32f1xx_hal.o
                0x0000000020000014                uwTickFreq
 *fill*         0x0000000020000015        0x3 
 .data.USBD_CDC_DeviceQualifierDesc
                0x0000000020000018        0xa ./Middlewares/ST/STM32_USB_Device_Library/Class/CDC/Src/usbd_cdc.o
 *fill*         0x0000000020000022        0x2 
 .data.USBD_CDC
                0x0000000020000024       0x38 ./Middlewares/ST/STM32_USB_Device_Library/Class/CDC/Src/usbd_cdc.o
                0x0000000020000024                USBD_CDC
 .data.USBD_CDC_CfgHSDesc
                0x000000002000005c       0x43 ./Middlewares/ST/STM32_USB_Device_Library/Class/CDC/Src/usbd_cdc.o
                0x000000002000005c                USBD_CDC_CfgHSDesc
 *fill*         0x000000002000009f        0x1 
 .data.USBD_CDC_CfgFSDesc
                0x00000000200000a0       0x43 ./Middlewares/ST/STM32_USB_Device_Library/Class/CDC/Src/usbd_cdc.o
                0x00000000200000a0                USBD_CDC_CfgFSDesc
 *fill*         0x00000000200000e3        0x1 
 .data.USBD_CDC_OtherSpeedCfgDesc
                0x00000000200000e4       0x43 ./Middlewares/ST/STM32_USB_Device_Library/Class/CDC/Src/usbd_cdc.o
                0x00000000200000e4                USBD_CDC_OtherSpeedCfgDesc
 *fill*         0x0000000020000127        0x1 
 .data.USBD_Interface_fops_FS
                0x0000000020000128       0x10 ./USB_DEVICE/App/usbd_cdc_if.o
                0x0000000020000128                USBD_Interface_fops_FS
 .data.FS_Desc  0x0000000020000138       0x1c ./USB_DEVICE/App/usbd_desc.o
                0x0000000020000138                FS_Desc
 .data.USBD_FS_DeviceDesc
                0x0000000020000154       0x12 ./USB_DEVICE/App/usbd_desc.o
                0x0000000020000154                USBD_FS_DeviceDesc
 *fill*         0x0000000020000166        0x2 
 .data.USBD_LangIDDesc
                0x0000000020000168        0x4 ./USB_DEVICE/App/usbd_desc.o
                0x0000000020000168                USBD_LangIDDesc
 .data.USBD_StringSerial
                0x000000002000016c       0x1a ./USB_DEVICE/App/usbd_desc.o
                0x000000002000016c                USBD_StringSerial
 *fill*         0x0000000020000186        0x2 
 .data._impure_ptr
                0x0000000020000188        0x4 d:/stm32cubeide_1.7.0/stm32cubeide/plugins/com.st.stm32cube.ide.mcu.externaltools.gnu-tools-for-stm32.9-2020-q2-update.win32_2.0.0.202105311346/tools/bin/../lib/gcc/arm-none-eabi/9.3.1/../../../../arm-none-eabi/lib/thumb/v7-m/nofp\libc_nano.a(lib_a-impure.o)
                0x0000000020000188                _impure_ptr
 .data.impure_data
                0x000000002000018c       0x60 d:/stm32cubeide_1.7.0/stm32cubeide/plugins/com.st.stm32cube.ide.mcu.externaltools.gnu-tools-for-stm32.9-2020-q2-update.win32_2.0.0.202105311346/tools/bin/../lib/gcc/arm-none-eabi/9.3.1/../../../../arm-none-eabi/lib/thumb/v7-m/nofp\libc_nano.a(lib_a-impure.o)
 *(.RamFunc)
 *(.RamFunc*)
                0x00000000200001ec                . = ALIGN (0x4)
                0x00000000200001ec                _edata = .

.igot.plt       0x00000000200001ec        0x0 load address 0x000000000800a5cc
 .igot.plt      0x00000000200001ec        0x0 d:/stm32cubeide_1.7.0/stm32cubeide/plugins/com.st.stm32cube.ide.mcu.externaltools.gnu-tools-for-stm32.9-2020-q2-update.win32_2.0.0.202105311346/tools/bin/../lib/gcc/arm-none-eabi/9.3.1/thumb/v7-m/nofp/crtbegin.o
                0x00000000200001ec                . = ALIGN (0x4)

.bss            0x00000000200001ec     0x1750 load address 0x000000000800a5cc
                0x00000000200001ec                _sbss = .
                0x00000000200001ec                __bss_start__ = _sbss
 *(.bss)
 .bss           0x00000000200001ec       0x1c d:/stm32cubeide_1.7.0/stm32cubeide/plugins/com.st.stm32cube.ide.mcu.externaltools.gnu-tools-for-stm32.9-2020-q2-update.win32_2.0.0.202105311346/tools/bin/../lib/gcc/arm-none-eabi/9.3.1/thumb/v7-m/nofp/crtbegin.o
 *(.bss*)
 .bss.wire_Port
                0x0000000020000208        0x4 ./Core/Src/DHT22.o
 .bss.wire_Pin  0x000000002000020c        0x2 ./Core/Src/DHT22.o
 *fill*         0x000000002000020e        0x2 
 .bss.GPIO_InitStruct
                0x0000000020000210       0x10 ./Core/Src/DHT22.o
 .bss.recv_end_flag
                0x0000000020000220        0x1 ./Core/Src/ESP8266.o
                0x0000000020000220                recv_end_flag
 .bss.rx_len    0x0000000020000221        0x1 ./Core/Src/ESP8266.o
                0x0000000020000221                rx_len
 .bss.Temp      0x0000000020000222        0x2 ./Core/Src/main.o
                0x0000000020000222                Temp
 .bss.Humi      0x0000000020000224        0x2 ./Core/Src/main.o
                0x0000000020000224                Humi
 *fill*         0x0000000020000226        0x2 
 .bss.THMsg     0x0000000020000228       0x1f ./Core/Src/main.o
                0x0000000020000228                THMsg
 *fill*         0x0000000020000247        0x1 
 .bss.__sbrk_heap_end
                0x0000000020000248        0x4 ./Core/Src/sysmem.o
 .bss.cfgidx.8359
                0x000000002000024c        0x1 ./Middlewares/ST/STM32_USB_Device_Library/Core/Src/usbd_ctlreq.o
 .bss.usbRxLen  0x000000002000024d        0x1 ./USB_DEVICE/App/usbd_cdc_if.o
                0x000000002000024d                usbRxLen
 *fill*         0x000000002000024e        0x2 
 .bss.mem.8429  0x0000000020000250      0x220 ./USB_DEVICE/Target/usbd_conf.o
 .bss.__malloc_free_list
                0x0000000020000470        0x4 d:/stm32cubeide_1.7.0/stm32cubeide/plugins/com.st.stm32cube.ide.mcu.externaltools.gnu-tools-for-stm32.9-2020-q2-update.win32_2.0.0.202105311346/tools/bin/../lib/gcc/arm-none-eabi/9.3.1/../../../../arm-none-eabi/lib/thumb/v7-m/nofp\libc_nano.a(lib_a-nano-mallocr.o)
                0x0000000020000470                __malloc_free_list
 .bss.__malloc_sbrk_start
                0x0000000020000474        0x4 d:/stm32cubeide_1.7.0/stm32cubeide/plugins/com.st.stm32cube.ide.mcu.externaltools.gnu-tools-for-stm32.9-2020-q2-update.win32_2.0.0.202105311346/tools/bin/../lib/gcc/arm-none-eabi/9.3.1/../../../../arm-none-eabi/lib/thumb/v7-m/nofp\libc_nano.a(lib_a-nano-mallocr.o)
                0x0000000020000474                __malloc_sbrk_start
 *(COMMON)
 COMMON         0x0000000020000478      0x400 ./Core/Src/ESP8266.o
                0x0000000020000478                USART2_RxBuffer
 COMMON         0x0000000020000878       0x20 ./Core/Src/main.o
                0x0000000020000878                Tempf
                0x000000002000087c                senddata
                0x0000000020000880                HumiChar
                0x0000000020000888                err
                0x000000002000088c                Humif
                0x0000000020000890                TempChar
 COMMON         0x0000000020000898       0x48 ./Core/Src/tim.o
                0x0000000020000898                htim4
 COMMON         0x00000000200008e0       0xc8 ./Core/Src/usart.o
                0x00000000200008e0                hdma_usart2_rx
                0x0000000020000924                hdma_usart2_tx
                0x0000000020000968                huart2
 COMMON         0x00000000200009a8        0x4 ./Drivers/STM32F1xx_HAL_Driver/Src/stm32f1xx_hal.o
                0x00000000200009a8                uwTick
 COMMON         0x00000000200009ac      0x2c4 ./USB_DEVICE/App/usb_device.o
                0x00000000200009ac                hUsbDeviceFS
 COMMON         0x0000000020000c70      0x7d0 ./USB_DEVICE/App/usbd_cdc_if.o
                0x0000000020000c70                UserRxBufferFS
                0x0000000020001058                UserTxBufferFS
 COMMON         0x0000000020001440      0x200 ./USB_DEVICE/App/usbd_desc.o
                0x0000000020001440                USBD_StrDesc
 COMMON         0x0000000020001640      0x2ec ./USB_DEVICE/Target/usbd_conf.o
                0x0000000020001640                hpcd_USB_FS
 COMMON         0x000000002000192c        0x4 d:/stm32cubeide_1.7.0/stm32cubeide/plugins/com.st.stm32cube.ide.mcu.externaltools.gnu-tools-for-stm32.9-2020-q2-update.win32_2.0.0.202105311346/tools/bin/../lib/gcc/arm-none-eabi/9.3.1/../../../../arm-none-eabi/lib/thumb/v7-m/nofp\libc_nano.a(lib_a-reent.o)
                0x000000002000192c                errno
 COMMON         0x0000000020001930        0x9 d:/stm32cubeide_1.7.0/stm32cubeide/plugins/com.st.stm32cube.ide.mcu.externaltools.gnu-tools-for-stm32.9-2020-q2-update.win32_2.0.0.202105311346/tools/bin/../lib/gcc/arm-none-eabi/9.3.1/../../../../arm-none-eabi/lib/thumb/v7-m/nofp\libc_nano.a(lib_a-lock.o)
                0x0000000020001930                __lock___atexit_recursive_mutex
                0x0000000020001931                __lock___arc4random_mutex
                0x0000000020001932                __lock___env_recursive_mutex
                0x0000000020001933                __lock___sinit_recursive_mutex
                0x0000000020001934                __lock___malloc_recursive_mutex
                0x0000000020001935                __lock___at_quick_exit_mutex
                0x0000000020001936                __lock___dd_hash_mutex
                0x0000000020001937                __lock___tz_mutex
                0x0000000020001938                __lock___sfp_recursive_mutex
                0x000000002000193c                . = ALIGN (0x4)
 *fill*         0x0000000020001939        0x3 
                0x000000002000193c                _ebss = .
                0x000000002000193c                __bss_end__ = _ebss

._user_heap_stack
                0x000000002000193c      0xc04 load address 0x000000000800a5cc
                0x0000000020001940                . = ALIGN (0x8)
 *fill*         0x000000002000193c        0x4 
                [!provide]                        PROVIDE (end = .)
                0x0000000020001940                PROVIDE (_end = .)
                0x0000000020001d40                . = (. + _Min_Heap_Size)
 *fill*         0x0000000020001940      0x400 
                0x0000000020002540                . = (. + _Min_Stack_Size)
 *fill*         0x0000000020001d40      0x800 
                0x0000000020002540                . = ALIGN (0x8)

/DISCARD/
 libc.a(*)
 libm.a(*)
 libgcc.a(*)

.ARM.attributes
                0x0000000000000000       0x29
 *(.ARM.attributes)
 .ARM.attributes
                0x0000000000000000       0x1d d:/stm32cubeide_1.7.0/stm32cubeide/plugins/com.st.stm32cube.ide.mcu.externaltools.gnu-tools-for-stm32.9-2020-q2-update.win32_2.0.0.202105311346/tools/bin/../lib/gcc/arm-none-eabi/9.3.1/thumb/v7-m/nofp/crti.o
 .ARM.attributes
                0x000000000000001d       0x2d d:/stm32cubeide_1.7.0/stm32cubeide/plugins/com.st.stm32cube.ide.mcu.externaltools.gnu-tools-for-stm32.9-2020-q2-update.win32_2.0.0.202105311346/tools/bin/../lib/gcc/arm-none-eabi/9.3.1/thumb/v7-m/nofp/crtbegin.o
 .ARM.attributes
                0x000000000000004a       0x2d ./Core/Src/DHT22.o
 .ARM.attributes
                0x0000000000000077       0x2d ./Core/Src/ESP8266.o
 .ARM.attributes
                0x00000000000000a4       0x2d ./Core/Src/dma.o
 .ARM.attributes
                0x00000000000000d1       0x2d ./Core/Src/gpio.o
 .ARM.attributes
                0x00000000000000fe       0x2d ./Core/Src/main.o
 .ARM.attributes
                0x000000000000012b       0x2d ./Core/Src/stm32f1xx_it.o
 .ARM.attributes
                0x0000000000000158       0x2d ./Core/Src/sysmem.o
 .ARM.attributes
                0x0000000000000185       0x2d ./Core/Src/system_stm32f1xx.o
 .ARM.attributes
                0x00000000000001b2       0x2d ./Core/Src/tim.o
 .ARM.attributes
                0x00000000000001df       0x2d ./Core/Src/usart.o
 .ARM.attributes
                0x000000000000020c       0x21 ./Core/Startup/startup_stm32f103c8tx.o
 .ARM.attributes
                0x000000000000022d       0x2d ./Drivers/STM32F1xx_HAL_Driver/Src/stm32f1xx_hal.o
 .ARM.attributes
                0x000000000000025a       0x2d ./Drivers/STM32F1xx_HAL_Driver/Src/stm32f1xx_hal_cortex.o
 .ARM.attributes
                0x0000000000000287       0x2d ./Drivers/STM32F1xx_HAL_Driver/Src/stm32f1xx_hal_dma.o
 .ARM.attributes
                0x00000000000002b4       0x2d ./Drivers/STM32F1xx_HAL_Driver/Src/stm32f1xx_hal_gpio.o
 .ARM.attributes
                0x00000000000002e1       0x2d ./Drivers/STM32F1xx_HAL_Driver/Src/stm32f1xx_hal_pcd.o
 .ARM.attributes
                0x000000000000030e       0x2d ./Drivers/STM32F1xx_HAL_Driver/Src/stm32f1xx_hal_pcd_ex.o
 .ARM.attributes
                0x000000000000033b       0x2d ./Drivers/STM32F1xx_HAL_Driver/Src/stm32f1xx_hal_rcc.o
 .ARM.attributes
                0x0000000000000368       0x2d ./Drivers/STM32F1xx_HAL_Driver/Src/stm32f1xx_hal_rcc_ex.o
 .ARM.attributes
                0x0000000000000395       0x2d ./Drivers/STM32F1xx_HAL_Driver/Src/stm32f1xx_hal_tim.o
 .ARM.attributes
                0x00000000000003c2       0x2d ./Drivers/STM32F1xx_HAL_Driver/Src/stm32f1xx_hal_tim_ex.o
 .ARM.attributes
                0x00000000000003ef       0x2d ./Drivers/STM32F1xx_HAL_Driver/Src/stm32f1xx_hal_uart.o
 .ARM.attributes
                0x000000000000041c       0x2d ./Drivers/STM32F1xx_HAL_Driver/Src/stm32f1xx_ll_usb.o
 .ARM.attributes
                0x0000000000000449       0x2d ./Middlewares/ST/STM32_USB_Device_Library/Class/CDC/Src/usbd_cdc.o
 .ARM.attributes
                0x0000000000000476       0x2d ./Middlewares/ST/STM32_USB_Device_Library/Core/Src/usbd_core.o
 .ARM.attributes
                0x00000000000004a3       0x2d ./Middlewares/ST/STM32_USB_Device_Library/Core/Src/usbd_ctlreq.o
 .ARM.attributes
                0x00000000000004d0       0x2d ./Middlewares/ST/STM32_USB_Device_Library/Core/Src/usbd_ioreq.o
 .ARM.attributes
                0x00000000000004fd       0x2d ./USB_DEVICE/App/usb_device.o
 .ARM.attributes
                0x000000000000052a       0x2d ./USB_DEVICE/App/usbd_cdc_if.o
 .ARM.attributes
                0x0000000000000557       0x2d ./USB_DEVICE/App/usbd_desc.o
 .ARM.attributes
                0x0000000000000584       0x2d ./USB_DEVICE/Target/usbd_conf.o
 .ARM.attributes
                0x00000000000005b1       0x2d d:/stm32cubeide_1.7.0/stm32cubeide/plugins/com.st.stm32cube.ide.mcu.externaltools.gnu-tools-for-stm32.9-2020-q2-update.win32_2.0.0.202105311346/tools/bin/../lib/gcc/arm-none-eabi/9.3.1/../../../../arm-none-eabi/lib/thumb/v7-m/nofp\libc_nano.a(lib_a-errno.o)
 .ARM.attributes
                0x00000000000005de       0x2d d:/stm32cubeide_1.7.0/stm32cubeide/plugins/com.st.stm32cube.ide.mcu.externaltools.gnu-tools-for-stm32.9-2020-q2-update.win32_2.0.0.202105311346/tools/bin/../lib/gcc/arm-none-eabi/9.3.1/../../../../arm-none-eabi/lib/thumb/v7-m/nofp\libc_nano.a(lib_a-impure.o)
 .ARM.attributes
                0x000000000000060b       0x2d d:/stm32cubeide_1.7.0/stm32cubeide/plugins/com.st.stm32cube.ide.mcu.externaltools.gnu-tools-for-stm32.9-2020-q2-update.win32_2.0.0.202105311346/tools/bin/../lib/gcc/arm-none-eabi/9.3.1/../../../../arm-none-eabi/lib/thumb/v7-m/nofp\libc_nano.a(lib_a-init.o)
 .ARM.attributes
                0x0000000000000638       0x2d d:/stm32cubeide_1.7.0/stm32cubeide/plugins/com.st.stm32cube.ide.mcu.externaltools.gnu-tools-for-stm32.9-2020-q2-update.win32_2.0.0.202105311346/tools/bin/../lib/gcc/arm-none-eabi/9.3.1/../../../../arm-none-eabi/lib/thumb/v7-m/nofp\libc_nano.a(lib_a-memset.o)
 .ARM.attributes
                0x0000000000000665       0x2d d:/stm32cubeide_1.7.0/stm32cubeide/plugins/com.st.stm32cube.ide.mcu.externaltools.gnu-tools-for-stm32.9-2020-q2-update.win32_2.0.0.202105311346/tools/bin/../lib/gcc/arm-none-eabi/9.3.1/../../../../arm-none-eabi/lib/thumb/v7-m/nofp\libc_nano.a(lib_a-sprintf.o)
 .ARM.attributes
                0x0000000000000692       0x2d d:/stm32cubeide_1.7.0/stm32cubeide/plugins/com.st.stm32cube.ide.mcu.externaltools.gnu-tools-for-stm32.9-2020-q2-update.win32_2.0.0.202105311346/tools/bin/../lib/gcc/arm-none-eabi/9.3.1/../../../../arm-none-eabi/lib/thumb/v7-m/nofp\libc_nano.a(lib_a-strcpy.o)
 .ARM.attributes
                0x00000000000006bf       0x17 d:/stm32cubeide_1.7.0/stm32cubeide/plugins/com.st.stm32cube.ide.mcu.externaltools.gnu-tools-for-stm32.9-2020-q2-update.win32_2.0.0.202105311346/tools/bin/../lib/gcc/arm-none-eabi/9.3.1/../../../../arm-none-eabi/lib/thumb/v7-m/nofp\libc_nano.a(lib_a-strlen.o)
 .ARM.attributes
                0x00000000000006d6       0x2d d:/stm32cubeide_1.7.0/stm32cubeide/plugins/com.st.stm32cube.ide.mcu.externaltools.gnu-tools-for-stm32.9-2020-q2-update.win32_2.0.0.202105311346/tools/bin/../lib/gcc/arm-none-eabi/9.3.1/../../../../arm-none-eabi/lib/thumb/v7-m/nofp\libc_nano.a(lib_a-nano-svfprintf.o)
 .ARM.attributes
                0x0000000000000703       0x2d d:/stm32cubeide_1.7.0/stm32cubeide/plugins/com.st.stm32cube.ide.mcu.externaltools.gnu-tools-for-stm32.9-2020-q2-update.win32_2.0.0.202105311346/tools/bin/../lib/gcc/arm-none-eabi/9.3.1/../../../../arm-none-eabi/lib/thumb/v7-m/nofp\libc_nano.a(lib_a-nano-vfprintf_i.o)
 .ARM.attributes
                0x0000000000000730       0x2d d:/stm32cubeide_1.7.0/stm32cubeide/plugins/com.st.stm32cube.ide.mcu.externaltools.gnu-tools-for-stm32.9-2020-q2-update.win32_2.0.0.202105311346/tools/bin/../lib/gcc/arm-none-eabi/9.3.1/../../../../arm-none-eabi/lib/thumb/v7-m/nofp\libc_nano.a(lib_a-memchr-stub.o)
 .ARM.attributes
                0x000000000000075d       0x2d d:/stm32cubeide_1.7.0/stm32cubeide/plugins/com.st.stm32cube.ide.mcu.externaltools.gnu-tools-for-stm32.9-2020-q2-update.win32_2.0.0.202105311346/tools/bin/../lib/gcc/arm-none-eabi/9.3.1/../../../../arm-none-eabi/lib/thumb/v7-m/nofp\libc_nano.a(lib_a-memcpy-stub.o)
 .ARM.attributes
                0x000000000000078a       0x2d d:/stm32cubeide_1.7.0/stm32cubeide/plugins/com.st.stm32cube.ide.mcu.externaltools.gnu-tools-for-stm32.9-2020-q2-update.win32_2.0.0.202105311346/tools/bin/../lib/gcc/arm-none-eabi/9.3.1/../../../../arm-none-eabi/lib/thumb/v7-m/nofp\libc_nano.a(lib_a-memmove.o)
 .ARM.attributes
                0x00000000000007b7       0x2d d:/stm32cubeide_1.7.0/stm32cubeide/plugins/com.st.stm32cube.ide.mcu.externaltools.gnu-tools-for-stm32.9-2020-q2-update.win32_2.0.0.202105311346/tools/bin/../lib/gcc/arm-none-eabi/9.3.1/../../../../arm-none-eabi/lib/thumb/v7-m/nofp\libc_nano.a(lib_a-nano-freer.o)
 .ARM.attributes
                0x00000000000007e4       0x2d d:/stm32cubeide_1.7.0/stm32cubeide/plugins/com.st.stm32cube.ide.mcu.externaltools.gnu-tools-for-stm32.9-2020-q2-update.win32_2.0.0.202105311346/tools/bin/../lib/gcc/arm-none-eabi/9.3.1/../../../../arm-none-eabi/lib/thumb/v7-m/nofp\libc_nano.a(lib_a-nano-mallocr.o)
 .ARM.attributes
                0x0000000000000811       0x2d d:/stm32cubeide_1.7.0/stm32cubeide/plugins/com.st.stm32cube.ide.mcu.externaltools.gnu-tools-for-stm32.9-2020-q2-update.win32_2.0.0.202105311346/tools/bin/../lib/gcc/arm-none-eabi/9.3.1/../../../../arm-none-eabi/lib/thumb/v7-m/nofp\libc_nano.a(lib_a-nano-reallocr.o)
 .ARM.attributes
                0x000000000000083e       0x2d d:/stm32cubeide_1.7.0/stm32cubeide/plugins/com.st.stm32cube.ide.mcu.externaltools.gnu-tools-for-stm32.9-2020-q2-update.win32_2.0.0.202105311346/tools/bin/../lib/gcc/arm-none-eabi/9.3.1/../../../../arm-none-eabi/lib/thumb/v7-m/nofp\libc_nano.a(lib_a-sbrkr.o)
 .ARM.attributes
                0x000000000000086b       0x2d d:/stm32cubeide_1.7.0/stm32cubeide/plugins/com.st.stm32cube.ide.mcu.externaltools.gnu-tools-for-stm32.9-2020-q2-update.win32_2.0.0.202105311346/tools/bin/../lib/gcc/arm-none-eabi/9.3.1/../../../../arm-none-eabi/lib/thumb/v7-m/nofp\libc_nano.a(lib_a-mlock.o)
 .ARM.attributes
                0x0000000000000898       0x2d d:/stm32cubeide_1.7.0/stm32cubeide/plugins/com.st.stm32cube.ide.mcu.externaltools.gnu-tools-for-stm32.9-2020-q2-update.win32_2.0.0.202105311346/tools/bin/../lib/gcc/arm-none-eabi/9.3.1/../../../../arm-none-eabi/lib/thumb/v7-m/nofp\libc_nano.a(lib_a-nano-msizer.o)
 .ARM.attributes
                0x00000000000008c5       0x2d d:/stm32cubeide_1.7.0/stm32cubeide/plugins/com.st.stm32cube.ide.mcu.externaltools.gnu-tools-for-stm32.9-2020-q2-update.win32_2.0.0.202105311346/tools/bin/../lib/gcc/arm-none-eabi/9.3.1/../../../../arm-none-eabi/lib/thumb/v7-m/nofp\libc_nano.a(lib_a-reent.o)
 .ARM.attributes
                0x00000000000008f2       0x2d d:/stm32cubeide_1.7.0/stm32cubeide/plugins/com.st.stm32cube.ide.mcu.externaltools.gnu-tools-for-stm32.9-2020-q2-update.win32_2.0.0.202105311346/tools/bin/../lib/gcc/arm-none-eabi/9.3.1/../../../../arm-none-eabi/lib/thumb/v7-m/nofp\libc_nano.a(lib_a-lock.o)
 .ARM.attributes
                0x000000000000091f       0x1d d:/stm32cubeide_1.7.0/stm32cubeide/plugins/com.st.stm32cube.ide.mcu.externaltools.gnu-tools-for-stm32.9-2020-q2-update.win32_2.0.0.202105311346/tools/bin/../lib/gcc/arm-none-eabi/9.3.1/thumb/v7-m/nofp\libgcc.a(_arm_addsubsf3.o)
 .ARM.attributes
                0x000000000000093c       0x1d d:/stm32cubeide_1.7.0/stm32cubeide/plugins/com.st.stm32cube.ide.mcu.externaltools.gnu-tools-for-stm32.9-2020-q2-update.win32_2.0.0.202105311346/tools/bin/../lib/gcc/arm-none-eabi/9.3.1/thumb/v7-m/nofp\libgcc.a(_arm_muldivsf3.o)
 .ARM.attributes
                0x0000000000000959       0x1d d:/stm32cubeide_1.7.0/stm32cubeide/plugins/com.st.stm32cube.ide.mcu.externaltools.gnu-tools-for-stm32.9-2020-q2-update.win32_2.0.0.202105311346/tools/bin/../lib/gcc/arm-none-eabi/9.3.1/thumb/v7-m/nofp/crtn.o
OUTPUT(STM32F103C8_TEMP_WIFI.elf elf32-littlearm)
LOAD linker stubs
LOAD d:/stm32cubeide_1.7.0/stm32cubeide/plugins/com.st.stm32cube.ide.mcu.externaltools.gnu-tools-for-stm32.9-2020-q2-update.win32_2.0.0.202105311346/tools/bin/../lib/gcc/arm-none-eabi/9.3.1/../../../../arm-none-eabi/lib/thumb/v7-m/nofp\libc.a
LOAD d:/stm32cubeide_1.7.0/stm32cubeide/plugins/com.st.stm32cube.ide.mcu.externaltools.gnu-tools-for-stm32.9-2020-q2-update.win32_2.0.0.202105311346/tools/bin/../lib/gcc/arm-none-eabi/9.3.1/../../../../arm-none-eabi/lib/thumb/v7-m/nofp\libm.a
LOAD d:/stm32cubeide_1.7.0/stm32cubeide/plugins/com.st.stm32cube.ide.mcu.externaltools.gnu-tools-for-stm32.9-2020-q2-update.win32_2.0.0.202105311346/tools/bin/../lib/gcc/arm-none-eabi/9.3.1/thumb/v7-m/nofp\libgcc.a

.debug_info     0x0000000000000000    0x1d80e
 .debug_info    0x0000000000000000     0x130e ./Core/Src/DHT22.o
 .debug_info    0x000000000000130e     0x10a6 ./Core/Src/ESP8266.o
 .debug_info    0x00000000000023b4      0x396 ./Core/Src/dma.o
 .debug_info    0x000000000000274a      0x372 ./Core/Src/gpio.o
 .debug_info    0x0000000000002abc     0x1a92 ./Core/Src/main.o
 .debug_info    0x000000000000454e      0xbd2 ./Core/Src/stm32f1xx_it.o
 .debug_info    0x0000000000005120      0xa25 ./Core/Src/sysmem.o
 .debug_info    0x0000000000005b45      0x2be ./Core/Src/system_stm32f1xx.o
 .debug_info    0x0000000000005e03      0x93b ./Core/Src/tim.o
 .debug_info    0x000000000000673e     0x17e2 ./Core/Src/usart.o
 .debug_info    0x0000000000007f20       0x22 ./Core/Startup/startup_stm32f103c8tx.o
 .debug_info    0x0000000000007f42      0x76a ./Drivers/STM32F1xx_HAL_Driver/Src/stm32f1xx_hal.o
 .debug_info    0x00000000000086ac      0xbdc ./Drivers/STM32F1xx_HAL_Driver/Src/stm32f1xx_hal_cortex.o
 .debug_info    0x0000000000009288      0x81e ./Drivers/STM32F1xx_HAL_Driver/Src/stm32f1xx_hal_dma.o
 .debug_info    0x0000000000009aa6      0x701 ./Drivers/STM32F1xx_HAL_Driver/Src/stm32f1xx_hal_gpio.o
 .debug_info    0x000000000000a1a7     0x1332 ./Drivers/STM32F1xx_HAL_Driver/Src/stm32f1xx_hal_pcd.o
 .debug_info    0x000000000000b4d9      0x7fa ./Drivers/STM32F1xx_HAL_Driver/Src/stm32f1xx_hal_pcd_ex.o
 .debug_info    0x000000000000bcd3      0x88e ./Drivers/STM32F1xx_HAL_Driver/Src/stm32f1xx_hal_rcc.o
 .debug_info    0x000000000000c561      0x480 ./Drivers/STM32F1xx_HAL_Driver/Src/stm32f1xx_hal_rcc_ex.o
 .debug_info    0x000000000000c9e1     0x2a43 ./Drivers/STM32F1xx_HAL_Driver/Src/stm32f1xx_hal_tim.o
 .debug_info    0x000000000000f424     0x1495 ./Drivers/STM32F1xx_HAL_Driver/Src/stm32f1xx_hal_tim_ex.o
 .debug_info    0x00000000000108b9     0x1322 ./Drivers/STM32F1xx_HAL_Driver/Src/stm32f1xx_hal_uart.o
 .debug_info    0x0000000000011bdb     0x1911 ./Drivers/STM32F1xx_HAL_Driver/Src/stm32f1xx_ll_usb.o
 .debug_info    0x00000000000134ec     0x1938 ./Middlewares/ST/STM32_USB_Device_Library/Class/CDC/Src/usbd_cdc.o
 .debug_info    0x0000000000014e24     0x12ef ./Middlewares/ST/STM32_USB_Device_Library/Core/Src/usbd_core.o
 .debug_info    0x0000000000016113     0x125c ./Middlewares/ST/STM32_USB_Device_Library/Core/Src/usbd_ctlreq.o
 .debug_info    0x000000000001736f     0x102e ./Middlewares/ST/STM32_USB_Device_Library/Core/Src/usbd_ioreq.o
 .debug_info    0x000000000001839d     0x1128 ./USB_DEVICE/App/usb_device.o
 .debug_info    0x00000000000194c5     0x15db ./USB_DEVICE/App/usbd_cdc_if.o
 .debug_info    0x000000000001aaa0      0xde8 ./USB_DEVICE/App/usbd_desc.o
 .debug_info    0x000000000001b888     0x1f86 ./USB_DEVICE/Target/usbd_conf.o

.debug_abbrev   0x0000000000000000     0x4365
 .debug_abbrev  0x0000000000000000      0x2c8 ./Core/Src/DHT22.o
 .debug_abbrev  0x00000000000002c8      0x252 ./Core/Src/ESP8266.o
 .debug_abbrev  0x000000000000051a      0x11b ./Core/Src/dma.o
 .debug_abbrev  0x0000000000000635      0x14e ./Core/Src/gpio.o
 .debug_abbrev  0x0000000000000783      0x26b ./Core/Src/main.o
 .debug_abbrev  0x00000000000009ee      0x1d3 ./Core/Src/stm32f1xx_it.o
 .debug_abbrev  0x0000000000000bc1      0x1bf ./Core/Src/sysmem.o
 .debug_abbrev  0x0000000000000d80      0x14e ./Core/Src/system_stm32f1xx.o
 .debug_abbrev  0x0000000000000ece      0x1df ./Core/Src/tim.o
 .debug_abbrev  0x00000000000010ad      0x29c ./Core/Src/usart.o
 .debug_abbrev  0x0000000000001349       0x12 ./Core/Startup/startup_stm32f103c8tx.o
 .debug_abbrev  0x000000000000135b      0x1ed ./Drivers/STM32F1xx_HAL_Driver/Src/stm32f1xx_hal.o
 .debug_abbrev  0x0000000000001548      0x313 ./Drivers/STM32F1xx_HAL_Driver/Src/stm32f1xx_hal_cortex.o
 .debug_abbrev  0x000000000000185b      0x228 ./Drivers/STM32F1xx_HAL_Driver/Src/stm32f1xx_hal_dma.o
 .debug_abbrev  0x0000000000001a83      0x1e8 ./Drivers/STM32F1xx_HAL_Driver/Src/stm32f1xx_hal_gpio.o
 .debug_abbrev  0x0000000000001c6b      0x29e ./Drivers/STM32F1xx_HAL_Driver/Src/stm32f1xx_hal_pcd.o
 .debug_abbrev  0x0000000000001f09      0x1ac ./Drivers/STM32F1xx_HAL_Driver/Src/stm32f1xx_hal_pcd_ex.o
 .debug_abbrev  0x00000000000020b5      0x273 ./Drivers/STM32F1xx_HAL_Driver/Src/stm32f1xx_hal_rcc.o
 .debug_abbrev  0x0000000000002328      0x193 ./Drivers/STM32F1xx_HAL_Driver/Src/stm32f1xx_hal_rcc_ex.o
 .debug_abbrev  0x00000000000024bb      0x25e ./Drivers/STM32F1xx_HAL_Driver/Src/stm32f1xx_hal_tim.o
 .debug_abbrev  0x0000000000002719      0x266 ./Drivers/STM32F1xx_HAL_Driver/Src/stm32f1xx_hal_tim_ex.o
 .debug_abbrev  0x000000000000297f      0x270 ./Drivers/STM32F1xx_HAL_Driver/Src/stm32f1xx_hal_uart.o
 .debug_abbrev  0x0000000000002bef      0x1fa ./Drivers/STM32F1xx_HAL_Driver/Src/stm32f1xx_ll_usb.o
 .debug_abbrev  0x0000000000002de9      0x2f6 ./Middlewares/ST/STM32_USB_Device_Library/Class/CDC/Src/usbd_cdc.o
 .debug_abbrev  0x00000000000030df      0x2a8 ./Middlewares/ST/STM32_USB_Device_Library/Core/Src/usbd_core.o
 .debug_abbrev  0x0000000000003387      0x2de ./Middlewares/ST/STM32_USB_Device_Library/Core/Src/usbd_ctlreq.o
 .debug_abbrev  0x0000000000003665      0x20a ./Middlewares/ST/STM32_USB_Device_Library/Core/Src/usbd_ioreq.o
 .debug_abbrev  0x000000000000386f      0x227 ./USB_DEVICE/App/usb_device.o
 .debug_abbrev  0x0000000000003a96      0x2e8 ./USB_DEVICE/App/usbd_cdc_if.o